Microchip MPLAB XC8 Compiler V1.12 ()

Linker command line:

--edf=/Applications/microchip/xc8/v1.12/dat/en_msgs.txt -cs \
  -h+dist/XC8_18F87K22/production/FPQ-1.X.production.sym -z -Q18F2585 \
  -ol.obj -Mdist/XC8_18F87K22/production/FPQ-1.X.production.map -E1 \
  -ver=XC8 -ACODE=00h-0BFFFh -ACONST=00h-0BFFFh \
  -ASMALLCONST=0D00h-0DFFhx179 -AMEDIUMCONST=0D00h-0BFFFh -ACOMRAM=01h-05Fh \
  -AABS1=00h-0CFFh -ABIGRAM=01h-0CFFh -ARAM=060h-0FFh,0100h-01FFhx12 \
  -ABANK0=060h-0FFh -ABANK1=0100h-01FFh -ABANK2=0200h-02FFh \
  -ABANK3=0300h-03FFh -ABANK4=0400h-04FFh -ABANK5=0500h-05FFh \
  -ABANK6=0600h-06FFh -ABANK7=0700h-07FFh -ABANK8=0800h-08FFh \
  -ABANK9=0900h-09FFh -ABANK10=0A00h-0AFFh -ABANK11=0B00h-0BFFh \
  -ABANK12=0C00h-0CFFh -ASFR=0D00h-0DFFhx2,0F00h-0F5Fh,0F60h-0FFFh \
  -preset_vec=00h,intcode=08h,intcodelo=018h,powerup,init,end_init \
  -pramtop=0D00h -psmallconst=SMALLCONST -pmediumconst=MEDIUMCONST \
  -pconst=CONST -AFARRAM=00h-00h -ACONFIG=0300000h-030000Dh -pconfig=CONFIG \
  -AIDLOC=0200000h-0200007h -pidloc=IDLOC -AEEDATA=0F00000h-0F003FFh \
  -peeprom_data=EEDATA \
  -prdata=COMRAM,nvrram=COMRAM,nvbit=COMRAM,rbss=COMRAM,rbit=COMRAM \
  -pfarbss=FARRAM,fardata=FARRAM \
  -pintsave_regs=BIGRAM,bigbss=BIGRAM,bigdata=BIGRAM -pbss=RAM \
  -pidata=CODE,irdata=CODE,ibigdata=CODE,ifardata=CODE /tmp/cgtUNnK9y.obj \
  dist/XC8_18F87K22/production/FPQ-1.X.production.obj 

Object code version is 3.10

Machine type is 18F2585

Call graph: (short form)




                Name                               Link     Load   Length Selector   Space Scale
/tmp/cgtUNnK9y.obj
                end_init                             A2       A2        4        C       0
                reset_vec                             0        0        4        0       0
                idloc                            200000   200000        8   200000       0
                config                           300000   300000        E   300000       0
dist/XC8_18F87K22/production/FPQ-1.X.production.obj
                intcodelo                            18       18       8A        C       0
                intcode                               8        8       10        4       0
                smallconst                          D00      D00        A      680       0
                intcode_body                       10E4     10E4       68      685       0
                text21                             12B2     12B2       3E      685       0
                text20                             1420     1420        E      685       0
                text19                             138C     138C       26      685       0
                text18                             1074     1074       70      685       0
                text17                              FFC      FFC       78      685       0
                text16                             135A     135A       32      685       0
                text15                             12F0     12F0       38      685       0
                text14                             1328     1328       32      685       0
                text13                              D0A      D0A      12E      685       0
                text12                             13D4     13D4       22      685       0
                text11                             11B2     11B2       62      685       0
                text10                             1214     1214       56      685       0
                text9                              114C     114C       66      685       0
                text8                              1438     1438        2      685       0
                text7                               F5C      F5C       A0      685       0
                text6                              1436     1436        2      685       0
                text5                               E38      E38      124      685       0
                text4                              126A     126A       48      685       0
                text3                              142E     142E        6      685       0
                text2                              1410     1410       10      685       0
                text1                              1434     1434        2      685       0
                text0                              13F6     13F6       1A      685       0
                cstackCOMRAM                          1        1       34        1       1
                cstackBANK0                          C9       C9        9       60       1
                bssBANK0                             60       60       69       60       1
                bssCOMRAM                            35       35        C        1       1
                cinit                              13B2     13B2       22      685       0

TOTAL           Name                               Link     Load   Length     Space
        CLASS   CODE           
                end_init                             A2       A2        4         0
                intcodelo                            18       18       8A         0
                intcode                               8        8       10         0
                reset_vec                             0        0        4         0
                intcode_body                       10E4     10E4       68         0
                text21                             12B2     12B2       3E         0
                text20                             1420     1420        E         0
                text19                             138C     138C       26         0
                text18                             1074     1074       70         0
                text17                              FFC      FFC       78         0
                text16                             135A     135A       32         0
                text15                             12F0     12F0       38         0
                text14                             1328     1328       32         0
                text13                              D0A      D0A      12E         0
                text12                             13D4     13D4       22         0
                text11                             11B2     11B2       62         0
                text10                             1214     1214       56         0
                text9                              114C     114C       66         0
                text8                              1438     1438        2         0
                text7                               F5C      F5C       A0         0
                text6                              1436     1436        2         0
                text5                               E38      E38      124         0
                text4                              126A     126A       48         0
                text3                              142E     142E        6         0
                text2                              1410     1410       10         0
                text1                              1434     1434        2         0
                text0                              13F6     13F6       1A         0
                cinit                              13B2     13B2       22         0

        CLASS   CONST          

        CLASS   SMALLCONST     
                smallconst                          D00      D00        A         0

        CLASS   MEDIUMCONST    

        CLASS   COMRAM         
                cstackCOMRAM                          1        1       34         1
                bssCOMRAM                            35       35        C         1

        CLASS   ABS1           

        CLASS   BIGRAM         

        CLASS   RAM            

        CLASS   BANK0          
                cstackBANK0                          C9       C9        9         1
                bssBANK0                             60       60       69         1

        CLASS   BANK1          

        CLASS   BANK2          

        CLASS   BANK3          

        CLASS   BANK4          

        CLASS   BANK5          

        CLASS   BANK6          

        CLASS   BANK7          

        CLASS   BANK8          

        CLASS   BANK9          

        CLASS   BANK10         

        CLASS   BANK11         

        CLASS   BANK12         

        CLASS   SFR            

        CLASS   FARRAM         

        CLASS   CONFIG         
                config                           300000   300000        E         0

        CLASS   IDLOC          
                idloc                            200000   200000        8         0

        CLASS   EEDATA         



SEGMENTS        Name                           Load    Length   Top    Selector   Space  Class

                reset_vec                      000000  000004  000004         0       0  CODE    
                cstackCOMRAM                   000001  000040  000041         1       1  COMRAM  
                intcode                        000008  000010  000018         4       0  CODE    
                intcodelo                      000018  00008E  0000A6         C       0  CODE    
                bssBANK0                       000060  000072  0000D2        60       1  BANK0   
                smallconst                     000D00  00000A  000D0A       680       0  SMALLCON
                text13                         000D0A  000730  00143A       685       0  CODE    
                idloc                          200000  000008  200008    200000       0  IDLOC   
                config                         300000  00000E  30000E    300000       0  CONFIG  


UNUSED ADDRESS RANGES

        Name                Unused          Largest block    Delta
        BANK0            0000D2-0000FF               2E
        BANK1            000100-0001FF              100
        BANK10           000A00-000AFF              100
        BANK11           000B00-000BFF              100
        BANK12           000C00-000CFF              100
        BANK2            000200-0002FF              100
        BANK3            000300-0003FF              100
        BANK4            000400-0004FF              100
        BANK5            000500-0005FF              100
        BANK6            000600-0006FF              100
        BANK7            000700-0007FF              100
        BANK8            000800-0008FF              100
        BANK9            000900-0009FF              100
        BIGRAM           000041-00005F               1F
                         0000D2-000CFF              C2E
        CODE             000004-000007                4
                         0000A6-000CFF              C5A
                         00143A-00BFFF             ABC6
        COMRAM           000041-00005F               1F
        CONST            000004-000007                4
                         0000A6-000CFF              C5A
                         00143A-00BFFF             ABC6
        EEDATA           F00000-F003FF              400
        MEDIUMCONST      00143A-00BFFF             ABC6
        RAM              0000D2-000CFF              100
        SFR              000D00-000FFF              100
        SMALLCONST       00143A-00BFFF              100

                                  Symbol Table

?_ButtonBeingPressed               cstackCOMRAM 000020
?_ClearTimer                       cstackCOMRAM 000028
?_GetKeyState                      cstackCOMRAM 000026
?_GetKeyTimer                      cstackCOMRAM 000026
?_GetNewTimerPointer               cstackCOMRAM 000020
?_GetSequencePointer               cstackCOMRAM 000026
?_MaturedTimer                     cstackCOMRAM 000028
?_MonitorButton                    cstackBANK0  0000C9
?_OpenTimer0                       cstackCOMRAM 000020
?_SetKeyState                      cstackCOMRAM 000026
?_SetTimer                         cstackCOMRAM 000028
?___wmul                           cstackCOMRAM 000020
ButtonBeingPressed@BeingPressed    cstackCOMRAM 000024
ButtonBeingPressed@theId           cstackCOMRAM 000020
ClearTimer@theTimer                cstackCOMRAM 000028
GetKeyState@theKeyId               cstackCOMRAM 000026
GetKeyTimer@theKeyId               cstackCOMRAM 000026
GetNewTimerPointer@TimerPointer    cstackCOMRAM 000025
GetNewTimerPointer@TimersAllocated bssCOMRAM    000035
GetSequencePointer@SequencePointer cstackCOMRAM 00002B
GetSequencePointer@theId           cstackCOMRAM 000026
InitKeys@SequencePointer           cstackCOMRAM 000030
InitKeys@i                         cstackCOMRAM 000032
InputTask@i                        cstackBANK0  0000CE
MaturedTimer@theTimer              cstackCOMRAM 000028
MonitorButton@theId                cstackBANK0  0000C9
OpenTimer0@config                  cstackCOMRAM 000020
SetKeyState@theKeyId               cstackCOMRAM 000026
SetKeyState@theState               cstackCOMRAM 000028
SetTimer@FutureTime                cstackCOMRAM 000032
SetTimer@theHalfSeconds            cstackCOMRAM 000030
SetTimer@theHours                  cstackCOMRAM 00002A
SetTimer@theMinutes                cstackCOMRAM 00002C
SetTimer@theSeconds                cstackCOMRAM 00002E
SetTimer@theTimer                  cstackCOMRAM 000028
_ButtonBeingPressed                text17       000FFC
_ClearTimer                        text19       00138C
_ConfigureOscillator               text3        00142E
_ConfigureTimer                    text2        001410
_DataCommsTask                     text6        001436
_GetKeyState                       text14       001328
_GetKeyTimer                       text15       0012F0
_GetNewTimerPointer                text11       0011B2
_GetSequencePointer                text9        00114C
_INTCONbits                        (abs)        000FF2
_InitApp                           text1        001434
_InitKeys                          text5        000E38
_InitSequences                     text10       001214
_InputTask                         text7        000F5C
_KeyCount                          smallconst   000D00
_MaturedTimer                      text20       001420
_MonitorButton                     text13       000D0A
_OSCCON                            (abs)        000FD3
_OpenTimer0                        text12       0013D4
_Operation                         bssCOMRAM    000037
_OutputTask                        text8        001438
_PORTAbits                         (abs)        000F80
_PORTBbits                         (abs)        000F81
_PORTCbits                         (abs)        000F82
_RedGreenPhases                    smallconst   000D02
_RedGreenSequence                  bssCOMRAM    00003B
_Sequences                         bssBANK0     0000AB
_SequencesCount                    smallconst   000D04
_SetKeyState                       text16       00135A
_SetTimer                          text18       001074
_T0CON                             (abs)        000FD5
_T0CONbits                         (abs)        000FD5
_TMR0H                             (abs)        000FD7
_TMR0L                             (abs)        000FD6
_TaskManager                       text4        00126A
_Timers                            bssBANK0     000083
_TimersCount                       smallconst   000D06
__CFG_BBSIZ$1024                   (abs)        000000
__CFG_BOREN$BOHW                   (abs)        000000
__CFG_BORV$3                       (abs)        000000
__CFG_CP0$OFF                      (abs)        000000
__CFG_CP1$OFF                      (abs)        000000
__CFG_CP2$OFF                      (abs)        000000
__CFG_CPB$OFF                      (abs)        000000
__CFG_CPD$OFF                      (abs)        000000
__CFG_EBTR0$OFF                    (abs)        000000
__CFG_EBTR1$OFF                    (abs)        000000
__CFG_EBTR2$OFF                    (abs)        000000
__CFG_EBTRB$OFF                    (abs)        000000
__CFG_FCMEN$OFF                    (abs)        000000
__CFG_IESO$OFF                     (abs)        000000
__CFG_LPT1OSC$OFF                  (abs)        000000
__CFG_LVP$OFF                      (abs)        000000
__CFG_MCLRE$OFF                    (abs)        000000
__CFG_OSC$IRCIO67                  (abs)        000000
__CFG_PBADEN$OFF                   (abs)        000000
__CFG_PWRT$OFF                     (abs)        000000
__CFG_STVREN$OFF                   (abs)        000000
__CFG_WDT$OFF                      (abs)        000000
__CFG_WDTPS$32768                  (abs)        000000
__CFG_WRT0$OFF                     (abs)        000000
__CFG_WRT1$OFF                     (abs)        000000
__CFG_WRT2$OFF                     (abs)        000000
__CFG_WRTB$OFF                     (abs)        000000
__CFG_WRTC$OFF                     (abs)        000000
__CFG_WRTD$OFF                     (abs)        000000
__CFG_XINST$OFF                    (abs)        000000
__HRAM                             (abs)        000000
__Habs1                            abs1         000000
__Hbank0                           bank0        000000
__Hbank1                           bank1        000000
__Hbank10                          bank10       000000
__Hbank11                          bank11       000000
__Hbank12                          bank12       000000
__Hbank2                           bank2        000000
__Hbank3                           bank3        000000
__Hbank4                           bank4        000000
__Hbank5                           bank5        000000
__Hbank6                           bank6        000000
__Hbank7                           bank7        000000
__Hbank8                           bank8        000000
__Hbank9                           bank9        000000
__Hbigbss                          bigbss       000000
__Hbigdata                         bigdata      000000
__Hbigram                          bigram       000000
__Hbss                             bss          000000
__HbssBANK0                        bssBANK0     000000
__HbssCOMRAM                       bssCOMRAM    000000
__Hcinit                           cinit        000000
__Hclrtext                         clrtext      000000
__Hcomram                          comram       000000
__Hconfig                          config       30000E
__Hconst                           const        000000
__HcstackBANK0                     cstackBANK0  000000
__HcstackCOMRAM                    cstackCOMRAM 000000
__Hdata                            data         000000
__Heeprom_data                     eeprom_data  000000
__Hend_init                        end_init     0000A6
__Hfarbss                          farbss       000000
__Hfardata                         fardata      000000
__Hibigdata                        ibigdata     000000
__Hidata                           idata        000000
__Hidloc                           idloc        200008
__Hifardata                        ifardata     000000
__Hinit                            init         0000A2
__Hintcode                         intcode      000018
__Hintcode_body                    intcode_body 000000
__Hintcodelo                       intcodelo    0000A2
__Hintentry                        intentry     000000
__Hintret                          intret       000000
__Hintsave_regs                    intsave_regs 000000
__Hirdata                          irdata       000000
__Hmediumconst                     mediumconst  000000
__Hnvbit                           nvbit        000000
__Hnvrram                          nvrram       000000
__Hparam                           rparam       000000
__Hpowerup                         powerup      0000A2
__Hram                             ram          000000
__Hramtop                          ramtop       000D00
__Hrbit                            rbit         000000
__Hrbss                            rbss         000000
__Hrdata                           rdata        000000
__Hreset_vec                       reset_vec    000004
__Hrparam                          rparam       000000
__Hsfr                             sfr          000000
__Hsmallconst                      smallconst   000D0A
__Hstruct                          struct       000000
__Htemp                            temp         000000
__Htext                            text         000000
__Htext0                           text0        000000
__Htext1                           text1        000000
__Htext10                          text10       000000
__Htext11                          text11       000000
__Htext12                          text12       000000
__Htext13                          text13       000000
__Htext14                          text14       000000
__Htext15                          text15       000000
__Htext16                          text16       000000
__Htext17                          text17       000000
__Htext18                          text18       000000
__Htext19                          text19       000000
__Htext2                           text2        000000
__Htext20                          text20       000000
__Htext21                          text21       000000
__Htext3                           text3        000000
__Htext4                           text4        000000
__Htext5                           text5        000000
__Htext6                           text6        000000
__Htext7                           text7        000000
__Htext8                           text8        000000
__Htext9                           text9        000000
__LRAM                             (abs)        000001
__Labs1                            abs1         000000
__Lbank0                           bank0        000000
__Lbank1                           bank1        000000
__Lbank10                          bank10       000000
__Lbank11                          bank11       000000
__Lbank12                          bank12       000000
__Lbank2                           bank2        000000
__Lbank3                           bank3        000000
__Lbank4                           bank4        000000
__Lbank5                           bank5        000000
__Lbank6                           bank6        000000
__Lbank7                           bank7        000000
__Lbank8                           bank8        000000
__Lbank9                           bank9        000000
__Lbigbss                          bigbss       000000
__Lbigdata                         bigdata      000000
__Lbigram                          bigram       000000
__Lbss                             bss          000000
__LbssBANK0                        bssBANK0     000000
__LbssCOMRAM                       bssCOMRAM    000000
__Lcinit                           cinit        000000
__Lclrtext                         clrtext      000000
__Lcomram                          comram       000000
__Lconfig                          config       300000
__Lconst                           const        000000
__LcstackBANK0                     cstackBANK0  000000
__LcstackCOMRAM                    cstackCOMRAM 000000
__Ldata                            data         000000
__Leeprom_data                     eeprom_data  000000
__Lend_init                        end_init     0000A2
__Lfarbss                          farbss       000000
__Lfardata                         fardata      000000
__Libigdata                        ibigdata     000000
__Lidata                           idata        000000
__Lidloc                           idloc        200000
__Lifardata                        ifardata     000000
__Linit                            init         0000A2
__Lintcode                         intcode      000008
__Lintcode_body                    intcode_body 000000
__Lintcodelo                       intcodelo    000018
__Lintentry                        intentry     000000
__Lintret                          intret       000000
__Lintsave_regs                    intsave_regs 000000
__Lirdata                          irdata       000000
__Lmediumconst                     mediumconst  000000
__Lnvbit                           nvbit        000000
__Lnvrram                          nvrram       000000
__Lparam                           rparam       000000
__Lpowerup                         powerup      0000A2
__Lram                             ram          000000
__Lramtop                          ramtop       000D00
__Lrbit                            rbit         000000
__Lrbss                            rbss         000000
__Lrdata                           rdata        000000
__Lreset_vec                       reset_vec    000000
__Lrparam                          rparam       000000
__Lsfr                             sfr          000000
__Lsmallconst                      smallconst   000D00
__Lstruct                          struct       000000
__Ltemp                            temp         000000
__Ltext                            text         000000
__Ltext0                           text0        000000
__Ltext1                           text1        000000
__Ltext10                          text10       000000
__Ltext11                          text11       000000
__Ltext12                          text12       000000
__Ltext13                          text13       000000
__Ltext14                          text14       000000
__Ltext15                          text15       000000
__Ltext16                          text16       000000
__Ltext17                          text17       000000
__Ltext18                          text18       000000
__Ltext19                          text19       000000
__Ltext2                           text2        000000
__Ltext20                          text20       000000
__Ltext21                          text21       000000
__Ltext3                           text3        000000
__Ltext4                           text4        000000
__Ltext5                           text5        000000
__Ltext6                           text6        000000
__Ltext7                           text7        000000
__Ltext8                           text8        000000
__Ltext9                           text9        000000
__S0                               (abs)        30000E
__S1                               (abs)        0000D2
___wmul                            text21       0012B2
___wmul@multiplicand               cstackCOMRAM 000022
___wmul@multiplier                 cstackCOMRAM 000020
___wmul@product                    cstackCOMRAM 000024
__accesstop                        (abs)        000060
__activetblptr                     (abs)        000002
__end_of_ButtonBeingPressed        text17       001074
__end_of_ClearTimer                text19       0013B2
__end_of_ConfigureOscillator       text3        001434
__end_of_ConfigureTimer            text2        001420
__end_of_DataCommsTask             text6        001438
__end_of_GetKeyState               text14       00135A
__end_of_GetKeyTimer               text15       001328
__end_of_GetNewTimerPointer        text11       001214
__end_of_GetSequencePointer        text9        0011B2
__end_of_InitApp                   text1        001436
__end_of_InitKeys                  text5        000F5C
__end_of_InitSequences             text10       00126A
__end_of_InputTask                 text7        000FFC
__end_of_KeyCount                  smallconst   000D02
__end_of_MaturedTimer              text20       00142E
__end_of_MonitorButton             text13       000E38
__end_of_OpenTimer0                text12       0013F6
__end_of_OutputTask                text8        00143A
__end_of_RedGreenPhases            smallconst   000D04
__end_of_SequencesCount            smallconst   000D06
__end_of_SetKeyState               text16       00138C
__end_of_SetTimer                  text18       0010E4
__end_of_TaskManager               text4        0012B2
__end_of_TimersCount               smallconst   000D08
__end_of___wmul                    text21       0012F0
__end_of__initialization           cinit        0013CA
__end_of_high_isr                  intcode_body 00114C
__end_of_low_isr                   intcodelo    0000A2
__end_of_main                      text0        001410
__initialization                   cinit        0013B2
__mediumconst                      mediumconst  000000
__pbssBANK0                        bssBANK0     000060
__pbssCOMRAM                       bssCOMRAM    000035
__pcinit                           cinit        0013B2
__pcstackBANK0                     cstackBANK0  0000C9
__pcstackCOMRAM                    cstackCOMRAM 000001
__pintcode                         intcode      000008
__pintcode_body                    intcode_body 0010E4
__pintcodelo                       intcodelo    000018
__psmallconst                      smallconst   000D00
__ptext0                           text0        0013F6
__ptext1                           text1        001434
__ptext10                          text10       001214
__ptext11                          text11       0011B2
__ptext12                          text12       0013D4
__ptext13                          text13       000D0A
__ptext14                          text14       001328
__ptext15                          text15       0012F0
__ptext16                          text16       00135A
__ptext17                          text17       000FFC
__ptext18                          text18       001074
__ptext19                          text19       00138C
__ptext2                           text2        001410
__ptext20                          text20       001420
__ptext21                          text21       0012B2
__ptext3                           text3        00142E
__ptext4                           text4        00126A
__ptext5                           text5        000E38
__ptext6                           text6        001436
__ptext7                           text7        000F5C
__ptext8                           text8        001438
__ptext9                           text9        00114C
__ramtop                           ramtop       000D00
__size_of_ButtonBeingPressed       (abs)        000000
__size_of_ClearTimer               (abs)        000000
__size_of_ConfigureOscillator      (abs)        000000
__size_of_ConfigureTimer           (abs)        000000
__size_of_DataCommsTask            (abs)        000000
__size_of_GetKeyState              (abs)        000000
__size_of_GetKeyTimer              (abs)        000000
__size_of_GetNewTimerPointer       (abs)        000000
__size_of_GetSequencePointer       (abs)        000000
__size_of_InitApp                  (abs)        000000
__size_of_InitKeys                 (abs)        000000
__size_of_InitSequences            (abs)        000000
__size_of_InputTask                (abs)        000000
__size_of_MaturedTimer             (abs)        000000
__size_of_MonitorButton            (abs)        000000
__size_of_OpenTimer0               (abs)        000000
__size_of_OutputTask               (abs)        000000
__size_of_SetKeyState              (abs)        000000
__size_of_SetTimer                 (abs)        000000
__size_of_TaskManager              (abs)        000000
__size_of___wmul                   (abs)        000000
__size_of_high_isr                 (abs)        000000
__size_of_low_isr                  (abs)        000000
__size_of_main                     (abs)        000000
__smallconst                       smallconst   000D00
_high_isr                          intcode      000008
_low_isr                           intcodelo    000018
_m_Keys                            bssBANK0     000060
_main                              text0        0013F6
end_of_initialization              cinit        0013CA
int_func                           intcode_body 0010E4
intlevel0                          text         000000
intlevel1                          text         000000
intlevel2                          text         000000
intlevel3                          text         000000
start                              init         0000A2
start_initialization               cinit        0013B2


FUNCTION INFORMATION:

 *************** function _main *****************
 Defined at:
		line 28 in file "source/Main.c"
 Parameters:    Size  Location     Type
		None
 Auto vars:     Size  Location     Type
		None
 Return value:  Size  Location     Type
		None               void
 Registers used:
		wreg, fsr0l, fsr0h, fsr1l, fsr1h, fsr2l, fsr2h, status,2, status,0, pclat, tosl, structret, tblptrl, tblptrh, tblptru, prodl, prodh, bsr, cstack
 Tracked objects:
		On entry : 
		On exit  : 
		Unchanged: 
 Data sizes:     COMRAM   BANK0   BANK1   BANK2   BANK3   BANK4   BANK5   BANK6   BANK7   BANK8   BANK9  BANK10  BANK11  BANK12
      Params:         0       0       0       0       0       0       0       0       0       0       0       0       0       0
      Locals:         0       0       0       0       0       0       0       0       0       0       0       0       0       0
      Temps:          0       0       0       0       0       0       0       0       0       0       0       0       0       0
      Totals:         0       0       0       0       0       0       0       0       0       0       0       0       0       0
Total ram usage:        0 bytes
 Hardware stack levels required when called:    7
 This function calls:
		_ConfigureOscillator
		_ConfigureTimer
		_InitApp
		_TaskManager
 This function is called by:
		Startup code after reset
 This function uses a non-reentrant model


 *************** function _InitApp *****************
 Defined at:
		line 29 in file "source/User.c"
 Parameters:    Size  Location     Type
		None
 Auto vars:     Size  Location     Type
		None
 Return value:  Size  Location     Type
		None               void
 Registers used:
		None
 Tracked objects:
		On entry : 
		On exit  : 
		Unchanged: 
 Data sizes:     COMRAM   BANK0   BANK1   BANK2   BANK3   BANK4   BANK5   BANK6   BANK7   BANK8   BANK9  BANK10  BANK11  BANK12
      Params:         0       0       0       0       0       0       0       0       0       0       0       0       0       0
      Locals:         0       0       0       0       0       0       0       0       0       0       0       0       0       0
      Temps:          0       0       0       0       0       0       0       0       0       0       0       0       0       0
      Totals:         0       0       0       0       0       0       0       0       0       0       0       0       0       0
Total ram usage:        0 bytes
 Hardware stack levels used:    1
 Hardware stack levels required when called:    2
 This function calls:
		Nothing
 This function is called by:
		_main
 This function uses a non-reentrant model


 *************** function _ConfigureTimer *****************
 Defined at:
		line 50 in file "source/SystemSetup.c"
 Parameters:    Size  Location     Type
		None
 Auto vars:     Size  Location     Type
		None
 Return value:  Size  Location     Type
		None               void
 Registers used:
		wreg, fsr0l, fsr0h, fsr1l, fsr1h, fsr2l, fsr2h, status,2, status,0, pclat, tosl, structret, tblptrl, tblptrh, tblptru, prodl, prodh, bsr, cstack
 Tracked objects:
		On entry : 
		On exit  : 
		Unchanged: 
 Data sizes:     COMRAM   BANK0   BANK1   BANK2   BANK3   BANK4   BANK5   BANK6   BANK7   BANK8   BANK9  BANK10  BANK11  BANK12
      Params:         0       0       0       0       0       0       0       0       0       0       0       0       0       0
      Locals:         0       0       0       0       0       0       0       0       0       0       0       0       0       0
      Temps:          1       0       0       0       0       0       0       0       0       0       0       0       0       0
      Totals:         1       0       0       0       0       0       0       0       0       0       0       0       0       0
Total ram usage:        1 bytes
 Hardware stack levels used:    1
 Hardware stack levels required when called:    3
 This function calls:
		_OpenTimer0
 This function is called by:
		_main
 This function uses a non-reentrant model


 *************** function _ConfigureOscillator *****************
 Defined at:
		line 45 in file "source/SystemSetup.c"
 Parameters:    Size  Location     Type
		None
 Auto vars:     Size  Location     Type
		None
 Return value:  Size  Location     Type
		None               void
 Registers used:
		wreg, status,2
 Tracked objects:
		On entry : 
		On exit  : 
		Unchanged: 
 Data sizes:     COMRAM   BANK0   BANK1   BANK2   BANK3   BANK4   BANK5   BANK6   BANK7   BANK8   BANK9  BANK10  BANK11  BANK12
      Params:         0       0       0       0       0       0       0       0       0       0       0       0       0       0
      Locals:         0       0       0       0       0       0       0       0       0       0       0       0       0       0
      Temps:          0       0       0       0       0       0       0       0       0       0       0       0       0       0
      Totals:         0       0       0       0       0       0       0       0       0       0       0       0       0       0
Total ram usage:        0 bytes
 Hardware stack levels used:    1
 Hardware stack levels required when called:    2
 This function calls:
		Nothing
 This function is called by:
		_main
 This function uses a non-reentrant model


 *************** function _TaskManager *****************
 Defined at:
		line 19 in file "source/TaskManager.c"
 Parameters:    Size  Location     Type
		None
 Auto vars:     Size  Location     Type
		None
 Return value:  Size  Location     Type
                  2   14[COMRAM] int 
 Registers used:
		wreg, fsr0l, fsr0h, fsr1l, fsr1h, fsr2l, fsr2h, status,2, status,0, pclat, tosl, structret, tblptrl, tblptrh, tblptru, prodl, prodh, bsr, cstack
 Tracked objects:
		On entry : 
		On exit  : 
		Unchanged: 
 Data sizes:     COMRAM   BANK0   BANK1   BANK2   BANK3   BANK4   BANK5   BANK6   BANK7   BANK8   BANK9  BANK10  BANK11  BANK12
      Params:         0       0       0       0       0       0       0       0       0       0       0       0       0       0
      Locals:         0       0       0       0       0       0       0       0       0       0       0       0       0       0
      Temps:          0       2       0       0       0       0       0       0       0       0       0       0       0       0
      Totals:         0       2       0       0       0       0       0       0       0       0       0       0       0       0
Total ram usage:        2 bytes
 Hardware stack levels used:    1
 Hardware stack levels required when called:    6
 This function calls:
		_InitKeys
		_DataCommsTask
		_InputTask
		_OutputTask
 This function is called by:
		_main
 This function uses a non-reentrant model


 *************** function _InitKeys *****************
 Defined at:
		line 21 in file "source/Model.c"
 Parameters:    Size  Location     Type
		None
 Auto vars:     Size  Location     Type
  i               2   49[COMRAM] int 
  SequencePoin    2   47[COMRAM] PTR struct ASequenceStru
		 -> Sequences(30), 
 Return value:  Size  Location     Type
		None               void
 Registers used:
		wreg, fsr2l, fsr2h, status,2, status,0, tblptrl, tblptrh, tblptru, cstack
 Tracked objects:
		On entry : 
		On exit  : 
		Unchanged: 
 Data sizes:     COMRAM   BANK0   BANK1   BANK2   BANK3   BANK4   BANK5   BANK6   BANK7   BANK8   BANK9  BANK10  BANK11  BANK12
      Params:         0       0       0       0       0       0       0       0       0       0       0       0       0       0
      Locals:         4       0       0       0       0       0       0       0       0       0       0       0       0       0
      Temps:          3       0       0       0       0       0       0       0       0       0       0       0       0       0
      Totals:         7       0       0       0       0       0       0       0       0       0       0       0       0       0
Total ram usage:        7 bytes
 Hardware stack levels used:    1
 Hardware stack levels required when called:    4
 This function calls:
		_InitSequences
		_GetSequencePointer
		___wmul
		_GetNewTimerPointer
 This function is called by:
		_TaskManager
 This function uses a non-reentrant model


 *************** function _DataCommsTask *****************
 Defined at:
		line 13 in file "source/DataCommsTask.c"
 Parameters:    Size  Location     Type
		None
 Auto vars:     Size  Location     Type
		None
 Return value:  Size  Location     Type
                  2    4[COMRAM] int 
 Registers used:
		None
 Tracked objects:
		On entry : 
		On exit  : 
		Unchanged: 
 Data sizes:     COMRAM   BANK0   BANK1   BANK2   BANK3   BANK4   BANK5   BANK6   BANK7   BANK8   BANK9  BANK10  BANK11  BANK12
      Params:         0       0       0       0       0       0       0       0       0       0       0       0       0       0
      Locals:         0       0       0       0       0       0       0       0       0       0       0       0       0       0
      Temps:          0       0       0       0       0       0       0       0       0       0       0       0       0       0
      Totals:         0       0       0       0       0       0       0       0       0       0       0       0       0       0
Total ram usage:        0 bytes
 Hardware stack levels used:    1
 Hardware stack levels required when called:    2
 This function calls:
		Nothing
 This function is called by:
		_TaskManager
 This function uses a non-reentrant model


 *************** function _InputTask *****************
 Defined at:
		line 14 in file "source/InputTask.c"
 Parameters:    Size  Location     Type
		None
 Auto vars:     Size  Location     Type
  i               2    5[BANK0 ] int 
 Return value:  Size  Location     Type
		None               void
 Registers used:
		wreg, fsr0l, fsr0h, fsr1l, fsr1h, fsr2l, fsr2h, status,2, status,0, pclat, tosl, structret, tblptrl, tblptrh, tblptru, prodl, prodh, bsr, cstack
 Tracked objects:
		On entry : 
		On exit  : 
		Unchanged: 
 Data sizes:     COMRAM   BANK0   BANK1   BANK2   BANK3   BANK4   BANK5   BANK6   BANK7   BANK8   BANK9  BANK10  BANK11  BANK12
      Params:         0       0       0       0       0       0       0       0       0       0       0       0       0       0
      Locals:         0       2       0       0       0       0       0       0       0       0       0       0       0       0
      Temps:          0       3       0       0       0       0       0       0       0       0       0       0       0       0
      Totals:         0       5       0       0       0       0       0       0       0       0       0       0       0       0
Total ram usage:        5 bytes
 Hardware stack levels used:    1
 Hardware stack levels required when called:    5
 This function calls:
		_MonitorButton
 This function is called by:
		_TaskManager
 This function uses a non-reentrant model


 *************** function _OutputTask *****************
 Defined at:
		line 4 in file "source/OutputTask.c"
 Parameters:    Size  Location     Type
		None
 Auto vars:     Size  Location     Type
		None
 Return value:  Size  Location     Type
		None               void
 Registers used:
		None
 Tracked objects:
		On entry : 
		On exit  : 
		Unchanged: 
 Data sizes:     COMRAM   BANK0   BANK1   BANK2   BANK3   BANK4   BANK5   BANK6   BANK7   BANK8   BANK9  BANK10  BANK11  BANK12
      Params:         0       0       0       0       0       0       0       0       0       0       0       0       0       0
      Locals:         0       0       0       0       0       0       0       0       0       0       0       0       0       0
      Temps:          0       0       0       0       0       0       0       0       0       0       0       0       0       0
      Totals:         0       0       0       0       0       0       0       0       0       0       0       0       0       0
Total ram usage:        0 bytes
 Hardware stack levels used:    1
 Hardware stack levels required when called:    2
 This function calls:
		Nothing
 This function is called by:
		_TaskManager
 This function uses a non-reentrant model


 *************** function _GetSequencePointer *****************
 Defined at:
		line 23 in file "source/OutputSequences.c"
 Parameters:    Size  Location     Type
  theId           2   37[COMRAM] int 
 Auto vars:     Size  Location     Type
  SequencePoin    2   42[COMRAM] PTR struct ASequenceStru
		 -> Sequences(30), 
 Return value:  Size  Location     Type
                  2   37[COMRAM] PTR struct ASequenceStru
 Registers used:
		wreg, status,2, status,0, tblptrl, tblptrh, tblptru, cstack
 Tracked objects:
		On entry : 
		On exit  : 
		Unchanged: 
 Data sizes:     COMRAM   BANK0   BANK1   BANK2   BANK3   BANK4   BANK5   BANK6   BANK7   BANK8   BANK9  BANK10  BANK11  BANK12
      Params:         2       0       0       0       0       0       0       0       0       0       0       0       0       0
      Locals:         2       0       0       0       0       0       0       0       0       0       0       0       0       0
      Temps:          3       0       0       0       0       0       0       0       0       0       0       0       0       0
      Totals:         7       0       0       0       0       0       0       0       0       0       0       0       0       0
Total ram usage:        7 bytes
 Hardware stack levels used:    1
 Hardware stack levels required when called:    3
 This function calls:
		___wmul
 This function is called by:
		_InitKeys
 This function uses a non-reentrant model


 *************** function _InitSequences *****************
 Defined at:
		line 11 in file "source/OutputSequences.c"
 Parameters:    Size  Location     Type
		None
 Auto vars:     Size  Location     Type
		None
 Return value:  Size  Location     Type
		None               void
 Registers used:
		wreg, status,2, tblptrl, tblptrh, tblptru
 Tracked objects:
		On entry : 
		On exit  : 
		Unchanged: 
 Data sizes:     COMRAM   BANK0   BANK1   BANK2   BANK3   BANK4   BANK5   BANK6   BANK7   BANK8   BANK9  BANK10  BANK11  BANK12
      Params:         0       0       0       0       0       0       0       0       0       0       0       0       0       0
      Locals:         0       0       0       0       0       0       0       0       0       0       0       0       0       0
      Temps:          1       0       0       0       0       0       0       0       0       0       0       0       0       0
      Totals:         1       0       0       0       0       0       0       0       0       0       0       0       0       0
Total ram usage:        1 bytes
 Hardware stack levels used:    1
 Hardware stack levels required when called:    2
 This function calls:
		Nothing
 This function is called by:
		_InitKeys
 This function uses a non-reentrant model


 *************** function _GetNewTimerPointer *****************
 Defined at:
		line 33 in file "source/TimerTask.c"
 Parameters:    Size  Location     Type
		None
 Auto vars:     Size  Location     Type
  TimerPointer    2   36[COMRAM] PTR struct ATimerStruct
		 -> Timers(40), 
 Return value:  Size  Location     Type
                  2   31[COMRAM] PTR struct ATimerStruct
 Registers used:
		wreg, status,2, status,0, tblptrl, tblptrh, tblptru
 Tracked objects:
		On entry : 
		On exit  : 
		Unchanged: 
 Data sizes:     COMRAM   BANK0   BANK1   BANK2   BANK3   BANK4   BANK5   BANK6   BANK7   BANK8   BANK9  BANK10  BANK11  BANK12
      Params:         2       0       0       0       0       0       0       0       0       0       0       0       0       0
      Locals:         2       0       0       0       0       0       0       0       0       0       0       0       0       0
      Temps:          3       0       0       0       0       0       0       0       0       0       0       0       0       0
      Totals:         7       0       0       0       0       0       0       0       0       0       0       0       0       0
Total ram usage:        7 bytes
 Hardware stack levels used:    1
 Hardware stack levels required when called:    2
 This function calls:
		Nothing
 This function is called by:
		_InitKeys
 This function uses a non-reentrant model


 *************** function _OpenTimer0 *****************
 Defined at:
		line 19 in file "plib/Timers/t0open.c"
 Parameters:    Size  Location     Type
  config          1   31[COMRAM] unsigned char 
 Auto vars:     Size  Location     Type
		None
 Return value:  Size  Location     Type
		None               void
 Registers used:
		wreg, status,2, status,0
 Tracked objects:
		On entry : 
		On exit  : 
		Unchanged: 
 Data sizes:     COMRAM   BANK0   BANK1   BANK2   BANK3   BANK4   BANK5   BANK6   BANK7   BANK8   BANK9  BANK10  BANK11  BANK12
      Params:         1       0       0       0       0       0       0       0       0       0       0       0       0       0
      Locals:         0       0       0       0       0       0       0       0       0       0       0       0       0       0
      Temps:          0       0       0       0       0       0       0       0       0       0       0       0       0       0
      Totals:         1       0       0       0       0       0       0       0       0       0       0       0       0       0
Total ram usage:        1 bytes
 Hardware stack levels used:    1
 Hardware stack levels required when called:    2
 This function calls:
		Nothing
 This function is called by:
		_ConfigureTimer
 This function uses a non-reentrant model


 *************** function _MonitorButton *****************
 Defined at:
		line 22 in file "source/InputTask.c"
 Parameters:    Size  Location     Type
  theId           2    0[BANK0 ] int 
 Auto vars:     Size  Location     Type
		None
 Return value:  Size  Location     Type
		None               void
 Registers used:
		wreg, fsr2l, fsr2h, status,2, status,0, cstack
 Tracked objects:
		On entry : 
		On exit  : 
		Unchanged: 
 Data sizes:     COMRAM   BANK0   BANK1   BANK2   BANK3   BANK4   BANK5   BANK6   BANK7   BANK8   BANK9  BANK10  BANK11  BANK12
      Params:         0       2       0       0       0       0       0       0       0       0       0       0       0       0
      Locals:         0       0       0       0       0       0       0       0       0       0       0       0       0       0
      Temps:          1       0       0       0       0       0       0       0       0       0       0       0       0       0
      Totals:         1       2       0       0       0       0       0       0       0       0       0       0       0       0
Total ram usage:        3 bytes
 Hardware stack levels used:    1
 Hardware stack levels required when called:    4
 This function calls:
		_ButtonBeingPressed
		_SetKeyState
		_GetKeyTimer
		_SetTimer
		_ClearTimer
		_MaturedTimer
		_GetKeyState
 This function is called by:
		_InputTask
 This function uses a non-reentrant model


 *************** function _GetKeyState *****************
 Defined at:
		line 11 in file "source/Model.c"
 Parameters:    Size  Location     Type
  theKeyId        2   37[COMRAM] int 
 Auto vars:     Size  Location     Type
		None
 Return value:  Size  Location     Type
                  1    wreg      enum E42
 Registers used:
		wreg, fsr2l, fsr2h, status,2, status,0, cstack
 Tracked objects:
		On entry : 
		On exit  : 
		Unchanged: 
 Data sizes:     COMRAM   BANK0   BANK1   BANK2   BANK3   BANK4   BANK5   BANK6   BANK7   BANK8   BANK9  BANK10  BANK11  BANK12
      Params:         2       0       0       0       0       0       0       0       0       0       0       0       0       0
      Locals:         0       0       0       0       0       0       0       0       0       0       0       0       0       0
      Temps:          0       0       0       0       0       0       0       0       0       0       0       0       0       0
      Totals:         2       0       0       0       0       0       0       0       0       0       0       0       0       0
Total ram usage:        2 bytes
 Hardware stack levels used:    1
 Hardware stack levels required when called:    3
 This function calls:
		___wmul
 This function is called by:
		_MonitorButton
 This function uses a non-reentrant model


 *************** function _GetKeyTimer *****************
 Defined at:
		line 16 in file "source/Model.c"
 Parameters:    Size  Location     Type
  theKeyId        2   37[COMRAM] int 
 Auto vars:     Size  Location     Type
		None
 Return value:  Size  Location     Type
                  2   37[COMRAM] PTR struct ATimerStruct
 Registers used:
		wreg, fsr2l, fsr2h, status,2, status,0, cstack
 Tracked objects:
		On entry : 
		On exit  : 
		Unchanged: 
 Data sizes:     COMRAM   BANK0   BANK1   BANK2   BANK3   BANK4   BANK5   BANK6   BANK7   BANK8   BANK9  BANK10  BANK11  BANK12
      Params:         2       0       0       0       0       0       0       0       0       0       0       0       0       0
      Locals:         0       0       0       0       0       0       0       0       0       0       0       0       0       0
      Temps:          0       0       0       0       0       0       0       0       0       0       0       0       0       0
      Totals:         2       0       0       0       0       0       0       0       0       0       0       0       0       0
Total ram usage:        2 bytes
 Hardware stack levels used:    1
 Hardware stack levels required when called:    3
 This function calls:
		___wmul
 This function is called by:
		_MonitorButton
 This function uses a non-reentrant model


 *************** function _SetKeyState *****************
 Defined at:
		line 6 in file "source/Model.c"
 Parameters:    Size  Location     Type
  theKeyId        2   37[COMRAM] int 
  theState        1   39[COMRAM] enum E36
 Auto vars:     Size  Location     Type
		None
 Return value:  Size  Location     Type
		None               void
 Registers used:
		wreg, fsr2l, fsr2h, status,2, status,0, cstack
 Tracked objects:
		On entry : 
		On exit  : 
		Unchanged: 
 Data sizes:     COMRAM   BANK0   BANK1   BANK2   BANK3   BANK4   BANK5   BANK6   BANK7   BANK8   BANK9  BANK10  BANK11  BANK12
      Params:         3       0       0       0       0       0       0       0       0       0       0       0       0       0
      Locals:         0       0       0       0       0       0       0       0       0       0       0       0       0       0
      Temps:          0       0       0       0       0       0       0       0       0       0       0       0       0       0
      Totals:         3       0       0       0       0       0       0       0       0       0       0       0       0       0
Total ram usage:        3 bytes
 Hardware stack levels used:    1
 Hardware stack levels required when called:    3
 This function calls:
		___wmul
 This function is called by:
		_MonitorButton
 This function uses a non-reentrant model


 *************** function _ButtonBeingPressed *****************
 Defined at:
		line 56 in file "source/InputTask.c"
 Parameters:    Size  Location     Type
  theId           2   31[COMRAM] int 
 Auto vars:     Size  Location     Type
  BeingPressed    1   35[COMRAM] unsigned char 
 Return value:  Size  Location     Type
                  1    wreg      unsigned char 
 Registers used:
		wreg, status,2, status,0
 Tracked objects:
		On entry : 
		On exit  : 
		Unchanged: 
 Data sizes:     COMRAM   BANK0   BANK1   BANK2   BANK3   BANK4   BANK5   BANK6   BANK7   BANK8   BANK9  BANK10  BANK11  BANK12
      Params:         2       0       0       0       0       0       0       0       0       0       0       0       0       0
      Locals:         1       0       0       0       0       0       0       0       0       0       0       0       0       0
      Temps:          2       0       0       0       0       0       0       0       0       0       0       0       0       0
      Totals:         5       0       0       0       0       0       0       0       0       0       0       0       0       0
Total ram usage:        5 bytes
 Hardware stack levels used:    1
 Hardware stack levels required when called:    2
 This function calls:
		Nothing
 This function is called by:
		_MonitorButton
 This function uses a non-reentrant model


 *************** function _SetTimer *****************
 Defined at:
		line 48 in file "source/TimerTask.c"
 Parameters:    Size  Location     Type
  theTimer        2   39[COMRAM] PTR struct ATimerStruct
		 -> Timers(40), 
  theHours        2   41[COMRAM] int 
  theMinutes      2   43[COMRAM] int 
  theSeconds      2   45[COMRAM] int 
  theHalfSecon    2   47[COMRAM] int 
 Auto vars:     Size  Location     Type
  FutureTime      2   49[COMRAM] int 
 Return value:  Size  Location     Type
                  2   39[COMRAM] int 
 Registers used:
		wreg, fsr2l, fsr2h, status,2, status,0, cstack
 Tracked objects:
		On entry : 
		On exit  : 
		Unchanged: 
 Data sizes:     COMRAM   BANK0   BANK1   BANK2   BANK3   BANK4   BANK5   BANK6   BANK7   BANK8   BANK9  BANK10  BANK11  BANK12
      Params:        10       0       0       0       0       0       0       0       0       0       0       0       0       0
      Locals:         2       0       0       0       0       0       0       0       0       0       0       0       0       0
      Temps:          0       0       0       0       0       0       0       0       0       0       0       0       0       0
      Totals:        12       0       0       0       0       0       0       0       0       0       0       0       0       0
Total ram usage:       12 bytes
 Hardware stack levels used:    1
 Hardware stack levels required when called:    3
 This function calls:
		___wmul
 This function is called by:
		_MonitorButton
 This function uses a non-reentrant model


 *************** function _ClearTimer *****************
 Defined at:
		line 59 in file "source/TimerTask.c"
 Parameters:    Size  Location     Type
  theTimer        2   39[COMRAM] PTR struct ATimerStruct
		 -> Timers(40), 
 Auto vars:     Size  Location     Type
		None
 Return value:  Size  Location     Type
		None               void
 Registers used:
		wreg, fsr2l, fsr2h, status,2, status,0
 Tracked objects:
		On entry : 
		On exit  : 
		Unchanged: 
 Data sizes:     COMRAM   BANK0   BANK1   BANK2   BANK3   BANK4   BANK5   BANK6   BANK7   BANK8   BANK9  BANK10  BANK11  BANK12
      Params:         2       0       0       0       0       0       0       0       0       0       0       0       0       0
      Locals:         0       0       0       0       0       0       0       0       0       0       0       0       0       0
      Temps:          0       0       0       0       0       0       0       0       0       0       0       0       0       0
      Totals:         2       0       0       0       0       0       0       0       0       0       0       0       0       0
Total ram usage:        2 bytes
 Hardware stack levels used:    1
 Hardware stack levels required when called:    2
 This function calls:
		Nothing
 This function is called by:
		_MonitorButton
 This function uses a non-reentrant model


 *************** function _MaturedTimer *****************
 Defined at:
		line 65 in file "source/TimerTask.c"
 Parameters:    Size  Location     Type
  theTimer        2   39[COMRAM] PTR struct ATimerStruct
		 -> Timers(40), 
 Auto vars:     Size  Location     Type
		None
 Return value:  Size  Location     Type
                  1    wreg      unsigned char 
 Registers used:
		wreg, fsr2l, fsr2h
 Tracked objects:
		On entry : 
		On exit  : 
		Unchanged: 
 Data sizes:     COMRAM   BANK0   BANK1   BANK2   BANK3   BANK4   BANK5   BANK6   BANK7   BANK8   BANK9  BANK10  BANK11  BANK12
      Params:         2       0       0       0       0       0       0       0       0       0       0       0       0       0
      Locals:         0       0       0       0       0       0       0       0       0       0       0       0       0       0
      Temps:          0       0       0       0       0       0       0       0       0       0       0       0       0       0
      Totals:         2       0       0       0       0       0       0       0       0       0       0       0       0       0
Total ram usage:        2 bytes
 Hardware stack levels used:    1
 Hardware stack levels required when called:    2
 This function calls:
		Nothing
 This function is called by:
		_MonitorButton
 This function uses a non-reentrant model


 *************** function ___wmul *****************
 Defined at:
		line 3 in file "/Applications/microchip/xc8/v1.12/sources/wmul.c"
 Parameters:    Size  Location     Type
  multiplier      2   31[COMRAM] unsigned int 
  multiplicand    2   33[COMRAM] unsigned int 
 Auto vars:     Size  Location     Type
  product         2   35[COMRAM] unsigned int 
 Return value:  Size  Location     Type
                  2   31[COMRAM] unsigned int 
 Registers used:
		wreg, status,2, status,0
 Tracked objects:
		On entry : 
		On exit  : 
		Unchanged: 
 Data sizes:     COMRAM   BANK0   BANK1   BANK2   BANK3   BANK4   BANK5   BANK6   BANK7   BANK8   BANK9  BANK10  BANK11  BANK12
      Params:         4       0       0       0       0       0       0       0       0       0       0       0       0       0
      Locals:         2       0       0       0       0       0       0       0       0       0       0       0       0       0
      Temps:          0       0       0       0       0       0       0       0       0       0       0       0       0       0
      Totals:         6       0       0       0       0       0       0       0       0       0       0       0       0       0
Total ram usage:        6 bytes
 Hardware stack levels used:    1
 Hardware stack levels required when called:    2
 This function calls:
		Nothing
 This function is called by:
		_SetTimer
		_SetKeyState
		_GetKeyState
		_GetKeyTimer
		_InitKeys
		_GetSequencePointer
 This function uses a non-reentrant model


 *************** function _low_isr *****************
 Defined at:
		line 75 in file "source/Interrupts.c"
 Parameters:    Size  Location     Type
		None
 Auto vars:     Size  Location     Type
		None
 Return value:  Size  Location     Type
		None               void
 Registers used:
		None
 Tracked objects:
		On entry : 
		On exit  : 
		Unchanged: 
 Data sizes:     COMRAM   BANK0   BANK1   BANK2   BANK3   BANK4   BANK5   BANK6   BANK7   BANK8   BANK9  BANK10  BANK11  BANK12
      Params:         0       0       0       0       0       0       0       0       0       0       0       0       0       0
      Locals:         0       0       0       0       0       0       0       0       0       0       0       0       0       0
      Temps:         17       0       0       0       0       0       0       0       0       0       0       0       0       0
      Totals:        17       0       0       0       0       0       0       0       0       0       0       0       0       0
Total ram usage:       17 bytes
 Hardware stack levels used:    1
 Hardware stack levels required when called:    1
 This function calls:
		Nothing
 This function is called by:
		Interrupt level 1
 This function uses a non-reentrant model


 *************** function _high_isr *****************
 Defined at:
		line 36 in file "source/Interrupts.c"
 Parameters:    Size  Location     Type
		None
 Auto vars:     Size  Location     Type
		None
 Return value:  Size  Location     Type
		None               void
 Registers used:
		None
 Tracked objects:
		On entry : 
		On exit  : 
		Unchanged: 
 Data sizes:     COMRAM   BANK0   BANK1   BANK2   BANK3   BANK4   BANK5   BANK6   BANK7   BANK8   BANK9  BANK10  BANK11  BANK12
      Params:         0       0       0       0       0       0       0       0       0       0       0       0       0       0
      Locals:         0       0       0       0       0       0       0       0       0       0       0       0       0       0
      Temps:         14       0       0       0       0       0       0       0       0       0       0       0       0       0
      Totals:        14       0       0       0       0       0       0       0       0       0       0       0       0       0
Total ram usage:       14 bytes
 Hardware stack levels used:    1
 This function calls:
		Nothing
 This function is called by:
		Interrupt level 2
 This function uses a non-reentrant model



MODULE INFORMATION

Module		Function		Class		Link	Load	Size
source/Model.c
		_GetKeyTimer   		CODE           	12F0	0000	56
		_GetKeyState   		CODE           	1328	0000	50
		_InitKeys      		CODE           	0E38	0000	292
		_SetKeyState   		CODE           	135A	0000	50

source/Model.c estimated size: 448

plib/Timers/t0open.c
		_OpenTimer0    		CODE           	13D4	0000	34

plib/Timers/t0open.c estimated size: 34

source/OutputTask.c
		_OutputTask    		CODE           	1438	0000	2

source/OutputTask.c estimated size: 2

shared
		_KeyCount      		SMALLCONST     	0D00	0000	2
		__initializatio		CODE           	13B2	0000	24
		_RedGreenPhases		SMALLCONST     	0D02	0000	2
		_SequencesCount		SMALLCONST     	0D04	0000	2
		_TimersCount   		SMALLCONST     	0D06	0000	2

shared estimated size: 32

source/Main.c
		_main          		CODE           	13F6	0000	26

source/Main.c estimated size: 26

source/Interrupts.c
		_high_isr      		CODE           	0008	0000	4420
		_low_isr       		CODE           	0018	0000	138

source/Interrupts.c estimated size: 4558

source/TaskManager.c
		_TaskManager   		CODE           	126A	0000	72

source/TaskManager.c estimated size: 72

source/SystemSetup.c
		_ConfigureOscil		CODE           	142E	0000	6
		_ConfigureTimer		CODE           	1410	0000	16

source/SystemSetup.c estimated size: 22

/Applications/microchip/xc8/v1.12/sources/wmul.c
		___wmul        		CODE           	12B2	0000	62

/Applications/microchip/xc8/v1.12/sources/wmul.c estimated size: 62

source/TimerTask.c
		_MaturedTimer  		CODE           	1420	0000	14
		_SetTimer      		CODE           	1074	0000	112
		_GetNewTimerPoi		CODE           	11B2	0000	98
		_ClearTimer    		CODE           	138C	0000	38

source/TimerTask.c estimated size: 262

source/User.c
		_InitApp       		CODE           	1434	0000	2

source/User.c estimated size: 2

source/OutputSequences.c
		_GetSequencePoi		CODE           	114C	0000	102
		_InitSequences 		CODE           	1214	0000	86

source/OutputSequences.c estimated size: 188

source/InputTask.c
		_ButtonBeingPre		CODE           	0FFC	0000	120
		_InputTask     		CODE           	0F5C	0000	160
		_MonitorButton 		CODE           	0D0A	0000	302

source/InputTask.c estimated size: 582

source/DataCommsTask.c
		_DataCommsTask 		CODE           	1436	0000	2

source/DataCommsTask.c estimated size: 2

