Microchip MPLAB XC8 Compiler V1.12 ()

Linker command line:

--edf=/Applications/microchip/xc8/v1.12/dat/en_msgs.txt -cs \
  -h+dist/XC8_18F87K22/production/FPQ-1.X.production.sym -z -Q18F2585 \
  -ol.obj -Mdist/XC8_18F87K22/production/FPQ-1.X.production.map -E1 \
  -ver=XC8 -ACODE=00h-0BFFFh -ACONST=00h-0BFFFh \
  -ASMALLCONST=0D00h-0DFFhx179 -AMEDIUMCONST=0D00h-0BFFFh -ACOMRAM=01h-05Fh \
  -AABS1=00h-0CFFh -ABIGRAM=01h-0CFFh -ARAM=060h-0FFh,0100h-01FFhx12 \
  -ABANK0=060h-0FFh -ABANK1=0100h-01FFh -ABANK2=0200h-02FFh \
  -ABANK3=0300h-03FFh -ABANK4=0400h-04FFh -ABANK5=0500h-05FFh \
  -ABANK6=0600h-06FFh -ABANK7=0700h-07FFh -ABANK8=0800h-08FFh \
  -ABANK9=0900h-09FFh -ABANK10=0A00h-0AFFh -ABANK11=0B00h-0BFFh \
  -ABANK12=0C00h-0CFFh -ASFR=0D00h-0DFFhx2,0F00h-0F5Fh,0F60h-0FFFh \
  -preset_vec=00h,intcode=08h,intcodelo=018h,powerup,init,end_init \
  -pramtop=0D00h -psmallconst=SMALLCONST -pmediumconst=MEDIUMCONST \
  -pconst=CONST -AFARRAM=00h-00h -ACONFIG=0300000h-030000Dh -pconfig=CONFIG \
  -AIDLOC=0200000h-0200007h -pidloc=IDLOC -AEEDATA=0F00000h-0F003FFh \
  -peeprom_data=EEDATA \
  -prdata=COMRAM,nvrram=COMRAM,nvbit=COMRAM,rbss=COMRAM,rbit=COMRAM \
  -pfarbss=FARRAM,fardata=FARRAM \
  -pintsave_regs=BIGRAM,bigbss=BIGRAM,bigdata=BIGRAM -pbss=RAM \
  -pidata=CODE,irdata=CODE,ibigdata=CODE,ifardata=CODE /tmp/cgtZfw3ef.obj \
  dist/XC8_18F87K22/production/FPQ-1.X.production.obj 

Object code version is 3.10

Machine type is 18F2585

Call graph: (short form)




                Name                               Link     Load   Length Selector   Space Scale
/tmp/cgtZfw3ef.obj
                end_init                             A2       A2        4        C       0
                reset_vec                             0        0        4        0       0
                idloc                            200000   200000        8   200000       0
                config                           300000   300000        E   300000       0
dist/XC8_18F87K22/production/FPQ-1.X.production.obj
                intcodelo                            18       18       8A        C       0
                intcode                               8        8       82        4       0
                smallconst                          D00      D00        A      680       0
                text24                             1638     1638       12      685       0
                text23                             1624     1624       14      685       0
                intcode_body                       1168     1168       92      685       0
                text19                             1310     1310       68      685       0
                text18                             11FA     11FA       8E      685       0
                text17                             13D8     13D8       5E      685       0
                text16                             148E     148E       58      685       0
                text15                             1436     1436       58      685       0
                text14                             1582     1582       48      685       0
                text13                             1378     1378       60      685       0
                text12                             1538     1538       4A      685       0
                text11                              F76      F76       B2      685       0
                text10                              E60      E60      116      685       0
                text9                              1288     1288       88      685       0
                text8                              1652     1652        2      685       0
                text7                              15EC     15EC       1E      685       0
                text6                              164A     164A        6      685       0
                text5                              10C8     10C8       A0      685       0
                text4                              1028     1028       A0      685       0
                text3                              1650     1650        2      685       0
                text2                               D0A      D0A      156      685       0
                text1                              14E6     14E6       52      685       0
                text0                              160A     160A       1A      685       0
                cstackCOMRAM                          1        1       31        1       1
                cstackBANK0                          D2       D2       16       60       1
                bssBANK0                             60       60       72       60       1
                bssCOMRAM                            32       32        8        1       1
                cinit                              15CA     15CA       22      685       0

TOTAL           Name                               Link     Load   Length     Space
        CLASS   CODE           
                end_init                             A2       A2        4         0
                intcodelo                            18       18       8A         0
                intcode                               8        8       82         0
                reset_vec                             0        0        4         0
                text24                             1638     1638       12         0
                text23                             1624     1624       14         0
                intcode_body                       1168     1168       92         0
                text19                             1310     1310       68         0
                text18                             11FA     11FA       8E         0
                text17                             13D8     13D8       5E         0
                text16                             148E     148E       58         0
                text15                             1436     1436       58         0
                text14                             1582     1582       48         0
                text13                             1378     1378       60         0
                text12                             1538     1538       4A         0
                text11                              F76      F76       B2         0
                text10                              E60      E60      116         0
                text9                              1288     1288       88         0
                text8                              1652     1652        2         0
                text7                              15EC     15EC       1E         0
                text6                              164A     164A        6         0
                text5                              10C8     10C8       A0         0
                text4                              1028     1028       A0         0
                text3                              1650     1650        2         0
                text2                               D0A      D0A      156         0
                text1                              14E6     14E6       52         0
                text0                              160A     160A       1A         0
                cinit                              15CA     15CA       22         0

        CLASS   CONST          

        CLASS   SMALLCONST     
                smallconst                          D00      D00        A         0

        CLASS   MEDIUMCONST    

        CLASS   COMRAM         
                cstackCOMRAM                          1        1       31         1
                bssCOMRAM                            32       32        8         1

        CLASS   ABS1           

        CLASS   BIGRAM         

        CLASS   RAM            

        CLASS   BANK0          
                cstackBANK0                          D2       D2       16         1
                bssBANK0                             60       60       72         1

        CLASS   BANK1          

        CLASS   BANK2          

        CLASS   BANK3          

        CLASS   BANK4          

        CLASS   BANK5          

        CLASS   BANK6          

        CLASS   BANK7          

        CLASS   BANK8          

        CLASS   BANK9          

        CLASS   BANK10         

        CLASS   BANK11         

        CLASS   BANK12         

        CLASS   SFR            

        CLASS   FARRAM         

        CLASS   CONFIG         
                config                           300000   300000        E         0

        CLASS   IDLOC          
                idloc                            200000   200000        8         0

        CLASS   EEDATA         



SEGMENTS        Name                           Load    Length   Top    Selector   Space  Class

                reset_vec                      000000  000004  000004         0       0  CODE    
                cstackCOMRAM                   000001  000039  00003A         1       1  COMRAM  
                intcode                        000008  000082  00008A         4       0  CODE    
                intcodelo                      000018  00008E  0000A6         C       0  CODE    
                bssBANK0                       000060  000088  0000E8        60       1  BANK0   
                smallconst                     000D00  00000A  000D0A       680       0  SMALLCON
                text2                          000D0A  00094A  001654       685       0  CODE    
                idloc                          200000  000008  200008    200000       0  IDLOC   
                config                         300000  00000E  30000E    300000       0  CONFIG  


UNUSED ADDRESS RANGES

        Name                Unused          Largest block    Delta
        BANK0            0000E8-0000FF               18
        BANK1            000100-0001FF              100
        BANK10           000A00-000AFF              100
        BANK11           000B00-000BFF              100
        BANK12           000C00-000CFF              100
        BANK2            000200-0002FF              100
        BANK3            000300-0003FF              100
        BANK4            000400-0004FF              100
        BANK5            000500-0005FF              100
        BANK6            000600-0006FF              100
        BANK7            000700-0007FF              100
        BANK8            000800-0008FF              100
        BANK9            000900-0009FF              100
        BIGRAM           00003A-00005F               26
                         0000E8-000CFF              C18
        CODE             000004-000007                4
                         0000A6-000CFF              C5A
                         001654-00BFFF             A9AC
        COMRAM           00003A-00005F               26
        CONST            000004-000007                4
                         0000A6-000CFF              C5A
                         001654-00BFFF             A9AC
        EEDATA           F00000-F003FF              400
        MEDIUMCONST      001654-00BFFF             A9AC
        RAM              0000E8-000CFF              100
        SFR              000D00-000FFF              100
        SMALLCONST       001654-00BFFF              100

                                  Symbol Table

?_ButtonBeingPressed               cstackBANK0  0000D2
?_ColourA                          cstackBANK0  0000D2
?_ColourB                          cstackBANK0  0000D2
?_GetKeyState                      cstackBANK0  0000D2
?_GetNewTimerPointer               cstackBANK0  0000D2
?_GetSequencePointer               cstackBANK0  0000D8
?_IlluminateButton                 cstackBANK0  0000D6
?_MonitorButton                    cstackBANK0  0000D7
?_SetKeyState                      cstackBANK0  0000D2
?_WriteTimer0                      cstackCOMRAM 000020
?___wmul                           cstackBANK0  0000D2
ButtonBeingPressed@BeingPressed    cstackBANK0  0000D6
ButtonBeingPressed@theId           cstackBANK0  0000D2
ColourA@theId                      cstackBANK0  0000D2
ColourB@theId                      cstackBANK0  0000D2
GetKeyState@theKeyId               cstackBANK0  0000D2
GetNewTimerPointer@TimerPointer    cstackBANK0  0000D7
GetNewTimerPointer@TimersAllocated bssBANK0     000088
GetSequencePointer@SequencePointer cstackBANK0  0000DD
GetSequencePointer@theId           cstackBANK0  0000D8
IlluminateButton@theId             cstackBANK0  0000D6
InitKeys@SequencePointer           cstackBANK0  0000E2
InitKeys@i                         cstackBANK0  0000E4
InputTask@i                        cstackBANK0  0000DD
MonitorButton@theId                cstackBANK0  0000D7
OutputTask@i                       cstackBANK0  0000DB
SetKeyState@theKeyId               cstackBANK0  0000D2
SetKeyState@theState               cstackBANK0  0000D4
TaskManager@Operation              bssBANK0     00008A
WriteTimer0@timer                  cstackCOMRAM 000022
WriteTimer0@timer0                 cstackCOMRAM 000020
_ADCON1                            (abs)        000FC1
_ButtonBeingPressed                text11       000F76
_ColourA                           text15       001436
_ColourB                           text16       00148E
_ConfigureOscillator               text6        00164A
_ConfigurePorts                    text7        0015EC
_DataCommsTask                     text3        001650
_GetKeyState                       text14       001582
_GetNewTimerPointer                text9        001288
_GetSequencePointer                text18       0011FA
_INTCONbits                        (abs)        000FF2
_IPEN                              (abs)        007E87
_ISR                               intcode      00007A
_IlluminateButton                  text13       001378
_Increment_Timer                   text23       001624
_InitApp                           text8        001652
_InitKeys                          text2        000D0A
_InitSequences                     text17       0013D8
_InputTask                         text4        001028
_KeyCount                          smallconst   000D00
_MonitorButton                     text10       000E60
_OSCCON                            (abs)        000FD3
_OutputTask                        text5        0010C8
_PORTA                             (abs)        000F80
_PORTAbits                         (abs)        000F80
_PORTB                             (abs)        000F81
_PORTBbits                         (abs)        000F81
_PORTC                             (abs)        000F82
_PORTCbits                         (abs)        000F82
_RedGreenPhases                    smallconst   000D02
_RedGreenSequence                  bssCOMRAM    000034
_Sequences                         bssBANK0     0000B4
_SequencesCount                    smallconst   000D04
_SetKeyState                       text12       001538
_T0CON                             (abs)        000FD5
_T0CONbits                         (abs)        000FD5
_TMR0H                             (abs)        000FD7
_TMR0IE                            (abs)        007F95
_TMR0IF                            (abs)        007F92
_TMR0L                             (abs)        000FD6
_TRISA                             (abs)        000F92
_TRISB                             (abs)        000F93
_TRISC                             (abs)        000F94
_TaskManager                       text1        0014E6
_Timers                            bssBANK0     00008C
_TimersCount                       smallconst   000D06
_WriteTimer0                       text24       001638
__CFG_BBSIZ$1024                   (abs)        000000
__CFG_BOREN$BOHW                   (abs)        000000
__CFG_BORV$3                       (abs)        000000
__CFG_CP0$OFF                      (abs)        000000
__CFG_CP1$OFF                      (abs)        000000
__CFG_CP2$OFF                      (abs)        000000
__CFG_CPB$OFF                      (abs)        000000
__CFG_CPD$OFF                      (abs)        000000
__CFG_EBTR0$OFF                    (abs)        000000
__CFG_EBTR1$OFF                    (abs)        000000
__CFG_EBTR2$OFF                    (abs)        000000
__CFG_EBTRB$OFF                    (abs)        000000
__CFG_FCMEN$OFF                    (abs)        000000
__CFG_IESO$OFF                     (abs)        000000
__CFG_LPT1OSC$OFF                  (abs)        000000
__CFG_LVP$OFF                      (abs)        000000
__CFG_MCLRE$OFF                    (abs)        000000
__CFG_OSC$IRCIO67                  (abs)        000000
__CFG_PBADEN$OFF                   (abs)        000000
__CFG_PWRT$OFF                     (abs)        000000
__CFG_STVREN$OFF                   (abs)        000000
__CFG_WDT$OFF                      (abs)        000000
__CFG_WDTPS$32768                  (abs)        000000
__CFG_WRT0$OFF                     (abs)        000000
__CFG_WRT1$OFF                     (abs)        000000
__CFG_WRT2$OFF                     (abs)        000000
__CFG_WRTB$OFF                     (abs)        000000
__CFG_WRTC$OFF                     (abs)        000000
__CFG_WRTD$OFF                     (abs)        000000
__CFG_XINST$OFF                    (abs)        000000
__HRAM                             (abs)        000000
__Habs1                            abs1         000000
__Hbank0                           bank0        000000
__Hbank1                           bank1        000000
__Hbank10                          bank10       000000
__Hbank11                          bank11       000000
__Hbank12                          bank12       000000
__Hbank2                           bank2        000000
__Hbank3                           bank3        000000
__Hbank4                           bank4        000000
__Hbank5                           bank5        000000
__Hbank6                           bank6        000000
__Hbank7                           bank7        000000
__Hbank8                           bank8        000000
__Hbank9                           bank9        000000
__Hbigbss                          bigbss       000000
__Hbigdata                         bigdata      000000
__Hbigram                          bigram       000000
__Hbss                             bss          000000
__HbssBANK0                        bssBANK0     000000
__HbssCOMRAM                       bssCOMRAM    000000
__Hcinit                           cinit        000000
__Hclrtext                         clrtext      000000
__Hcomram                          comram       000000
__Hconfig                          config       30000E
__Hconst                           const        000000
__HcstackBANK0                     cstackBANK0  000000
__HcstackCOMRAM                    cstackCOMRAM 000000
__Hdata                            data         000000
__Heeprom_data                     eeprom_data  000000
__Hend_init                        end_init     0000A6
__Hfarbss                          farbss       000000
__Hfardata                         fardata      000000
__Hibigdata                        ibigdata     000000
__Hidata                           idata        000000
__Hidloc                           idloc        200008
__Hifardata                        ifardata     000000
__Hinit                            init         0000A2
__Hintcode                         intcode      00008A
__Hintcode_body                    intcode_body 000000
__Hintcodelo                       intcodelo    0000A2
__Hintentry                        intentry     000000
__Hintret                          intret       000000
__Hintsave_regs                    intsave_regs 000000
__Hirdata                          irdata       000000
__Hmediumconst                     mediumconst  000000
__Hnvbit                           nvbit        000000
__Hnvrram                          nvrram       000000
__Hparam                           rparam       000000
__Hpowerup                         powerup      0000A2
__Hram                             ram          000000
__Hramtop                          ramtop       000D00
__Hrbit                            rbit         000000
__Hrbss                            rbss         000000
__Hrdata                           rdata        000000
__Hreset_vec                       reset_vec    000004
__Hrparam                          rparam       000000
__Hsfr                             sfr          000000
__Hsmallconst                      smallconst   000D0A
__Hstruct                          struct       000000
__Htemp                            temp         000000
__Htext                            text         000000
__Htext0                           text0        000000
__Htext1                           text1        000000
__Htext10                          text10       000000
__Htext11                          text11       000000
__Htext12                          text12       000000
__Htext13                          text13       000000
__Htext14                          text14       000000
__Htext15                          text15       000000
__Htext16                          text16       000000
__Htext17                          text17       000000
__Htext18                          text18       000000
__Htext19                          text19       000000
__Htext2                           text2        000000
__Htext23                          text23       000000
__Htext24                          text24       000000
__Htext3                           text3        000000
__Htext4                           text4        000000
__Htext5                           text5        000000
__Htext6                           text6        000000
__Htext7                           text7        000000
__Htext8                           text8        000000
__Htext9                           text9        000000
__LRAM                             (abs)        000001
__Labs1                            abs1         000000
__Lbank0                           bank0        000000
__Lbank1                           bank1        000000
__Lbank10                          bank10       000000
__Lbank11                          bank11       000000
__Lbank12                          bank12       000000
__Lbank2                           bank2        000000
__Lbank3                           bank3        000000
__Lbank4                           bank4        000000
__Lbank5                           bank5        000000
__Lbank6                           bank6        000000
__Lbank7                           bank7        000000
__Lbank8                           bank8        000000
__Lbank9                           bank9        000000
__Lbigbss                          bigbss       000000
__Lbigdata                         bigdata      000000
__Lbigram                          bigram       000000
__Lbss                             bss          000000
__LbssBANK0                        bssBANK0     000000
__LbssCOMRAM                       bssCOMRAM    000000
__Lcinit                           cinit        000000
__Lclrtext                         clrtext      000000
__Lcomram                          comram       000000
__Lconfig                          config       300000
__Lconst                           const        000000
__LcstackBANK0                     cstackBANK0  000000
__LcstackCOMRAM                    cstackCOMRAM 000000
__Ldata                            data         000000
__Leeprom_data                     eeprom_data  000000
__Lend_init                        end_init     0000A2
__Lfarbss                          farbss       000000
__Lfardata                         fardata      000000
__Libigdata                        ibigdata     000000
__Lidata                           idata        000000
__Lidloc                           idloc        200000
__Lifardata                        ifardata     000000
__Linit                            init         0000A2
__Lintcode                         intcode      000008
__Lintcode_body                    intcode_body 000000
__Lintcodelo                       intcodelo    000018
__Lintentry                        intentry     000000
__Lintret                          intret       000000
__Lintsave_regs                    intsave_regs 000000
__Lirdata                          irdata       000000
__Lmediumconst                     mediumconst  000000
__Lnvbit                           nvbit        000000
__Lnvrram                          nvrram       000000
__Lparam                           rparam       000000
__Lpowerup                         powerup      0000A2
__Lram                             ram          000000
__Lramtop                          ramtop       000D00
__Lrbit                            rbit         000000
__Lrbss                            rbss         000000
__Lrdata                           rdata        000000
__Lreset_vec                       reset_vec    000000
__Lrparam                          rparam       000000
__Lsfr                             sfr          000000
__Lsmallconst                      smallconst   000D00
__Lstruct                          struct       000000
__Ltemp                            temp         000000
__Ltext                            text         000000
__Ltext0                           text0        000000
__Ltext1                           text1        000000
__Ltext10                          text10       000000
__Ltext11                          text11       000000
__Ltext12                          text12       000000
__Ltext13                          text13       000000
__Ltext14                          text14       000000
__Ltext15                          text15       000000
__Ltext16                          text16       000000
__Ltext17                          text17       000000
__Ltext18                          text18       000000
__Ltext19                          text19       000000
__Ltext2                           text2        000000
__Ltext23                          text23       000000
__Ltext24                          text24       000000
__Ltext3                           text3        000000
__Ltext4                           text4        000000
__Ltext5                           text5        000000
__Ltext6                           text6        000000
__Ltext7                           text7        000000
__Ltext8                           text8        000000
__Ltext9                           text9        000000
__S0                               (abs)        30000E
__S1                               (abs)        0000E8
___wmul                            text19       001310
___wmul@multiplicand               cstackBANK0  0000D4
___wmul@multiplier                 cstackBANK0  0000D2
___wmul@product                    cstackBANK0  0000D6
__accesstop                        (abs)        000060
__activetblptr                     (abs)        000002
__end_of_ButtonBeingPressed        text11       001028
__end_of_ColourA                   text15       00148E
__end_of_ColourB                   text16       0014E6
__end_of_ConfigureOscillator       text6        001650
__end_of_ConfigurePorts            text7        00160A
__end_of_DataCommsTask             text3        001652
__end_of_GetKeyState               text14       0015CA
__end_of_GetNewTimerPointer        text9        001310
__end_of_GetSequencePointer        text18       001288
__end_of_ISR                       intcode_body 0011FA
__end_of_IlluminateButton          text13       0013D8
__end_of_Increment_Timer           text23       001638
__end_of_InitApp                   text8        001654
__end_of_InitKeys                  text2        000E60
__end_of_InitSequences             text17       001436
__end_of_InputTask                 text4        0010C8
__end_of_KeyCount                  smallconst   000D02
__end_of_MonitorButton             text10       000F76
__end_of_OutputTask                text5        001168
__end_of_RedGreenPhases            smallconst   000D04
__end_of_SequencesCount            smallconst   000D06
__end_of_SetKeyState               text12       001582
__end_of_TaskManager               text1        001538
__end_of_TimersCount               smallconst   000D08
__end_of_WriteTimer0               text24       00164A
__end_of___wmul                    text19       001378
__end_of__initialization           cinit        0015E2
__end_of_high_isr                  intcode      00007A
__end_of_low_isr                   intcodelo    0000A2
__end_of_main                      text0        001624
__initialization                   cinit        0015CA
__mediumconst                      mediumconst  000000
__pbssBANK0                        bssBANK0     000060
__pbssCOMRAM                       bssCOMRAM    000032
__pcinit                           cinit        0015CA
__pcstackBANK0                     cstackBANK0  0000D2
__pcstackCOMRAM                    cstackCOMRAM 000001
__pintcode                         intcode      000008
__pintcode_body                    intcode_body 001168
__pintcodelo                       intcodelo    000018
__psmallconst                      smallconst   000D00
__ptext0                           text0        00160A
__ptext1                           text1        0014E6
__ptext10                          text10       000E60
__ptext11                          text11       000F76
__ptext12                          text12       001538
__ptext13                          text13       001378
__ptext14                          text14       001582
__ptext15                          text15       001436
__ptext16                          text16       00148E
__ptext17                          text17       0013D8
__ptext18                          text18       0011FA
__ptext19                          text19       001310
__ptext2                           text2        000D0A
__ptext23                          text23       001624
__ptext24                          text24       001638
__ptext3                           text3        001650
__ptext4                           text4        001028
__ptext5                           text5        0010C8
__ptext6                           text6        00164A
__ptext7                           text7        0015EC
__ptext8                           text8        001652
__ptext9                           text9        001288
__ramtop                           ramtop       000D00
__size_of_ButtonBeingPressed       (abs)        000000
__size_of_ColourA                  (abs)        000000
__size_of_ColourB                  (abs)        000000
__size_of_ConfigureOscillator      (abs)        000000
__size_of_ConfigurePorts           (abs)        000000
__size_of_DataCommsTask            (abs)        000000
__size_of_GetKeyState              (abs)        000000
__size_of_GetNewTimerPointer       (abs)        000000
__size_of_GetSequencePointer       (abs)        000000
__size_of_ISR                      (abs)        000000
__size_of_IlluminateButton         (abs)        000000
__size_of_Increment_Timer          (abs)        000000
__size_of_InitApp                  (abs)        000000
__size_of_InitKeys                 (abs)        000000
__size_of_InitSequences            (abs)        000000
__size_of_InputTask                (abs)        000000
__size_of_MonitorButton            (abs)        000000
__size_of_OutputTask               (abs)        000000
__size_of_SetKeyState              (abs)        000000
__size_of_TaskManager              (abs)        000000
__size_of_WriteTimer0              (abs)        000000
__size_of___wmul                   (abs)        000000
__size_of_high_isr                 (abs)        000000
__size_of_low_isr                  (abs)        000000
__size_of_main                     (abs)        000000
__smallconst                       smallconst   000D00
_high_isr                          intcode      000008
_low_isr                           intcodelo    000018
_m_HalfSeconds                     bssCOMRAM    000032
_m_Keys                            bssBANK0     000060
_main                              text0        00160A
end_of_initialization              cinit        0015E2
int_func                           intcode_body 001168
intlevel0                          text         000000
intlevel1                          text         000000
intlevel2                          text         000000
intlevel3                          text         000000
start                              init         0000A2
start_initialization               cinit        0015CA


FUNCTION INFORMATION:

 *************** function _main *****************
 Defined at:
		line 30 in file "source/Main.c"
 Parameters:    Size  Location     Type
		None
 Auto vars:     Size  Location     Type
		None
 Return value:  Size  Location     Type
		None               void
 Registers used:
		wreg, fsr0l, fsr0h, fsr1l, fsr1h, fsr2l, fsr2h, status,2, status,0, pclat, tosl, structret, tblptrl, tblptrh, tblptru, prodl, prodh, bsr, cstack
 Tracked objects:
		On entry : 
		On exit  : 
		Unchanged: 
 Data sizes:     COMRAM   BANK0   BANK1   BANK2   BANK3   BANK4   BANK5   BANK6   BANK7   BANK8   BANK9  BANK10  BANK11  BANK12
      Params:         0       0       0       0       0       0       0       0       0       0       0       0       0       0
      Locals:         0       0       0       0       0       0       0       0       0       0       0       0       0       0
      Temps:          0       0       0       0       0       0       0       0       0       0       0       0       0       0
      Totals:         0       0       0       0       0       0       0       0       0       0       0       0       0       0
Total ram usage:        0 bytes
 Hardware stack levels required when called:    7
 This function calls:
		_ConfigureOscillator
		_ConfigurePorts
		_InitApp
		_TaskManager
 This function is called by:
		Startup code after reset
 This function uses a non-reentrant model


 *************** function _TaskManager *****************
 Defined at:
		line 17 in file "source/TaskManager.c"
 Parameters:    Size  Location     Type
		None
 Auto vars:     Size  Location     Type
		None
 Return value:  Size  Location     Type
		None               void
 Registers used:
		wreg, fsr0l, fsr0h, fsr1l, fsr1h, fsr2l, fsr2h, status,2, status,0, pclat, tosl, structret, tblptrl, tblptrh, tblptru, prodl, prodh, bsr, cstack
 Tracked objects:
		On entry : 
		On exit  : 
		Unchanged: 
 Data sizes:     COMRAM   BANK0   BANK1   BANK2   BANK3   BANK4   BANK5   BANK6   BANK7   BANK8   BANK9  BANK10  BANK11  BANK12
      Params:         0       0       0       0       0       0       0       0       0       0       0       0       0       0
      Locals:         0       0       0       0       0       0       0       0       0       0       0       0       0       0
      Temps:          0       2       0       0       0       0       0       0       0       0       0       0       0       0
      Totals:         0       2       0       0       0       0       0       0       0       0       0       0       0       0
Total ram usage:        2 bytes
 Hardware stack levels used:    1
 Hardware stack levels required when called:    6
 This function calls:
		_InitKeys
		_DataCommsTask
		_InputTask
		_OutputTask
 This function is called by:
		_main
 This function uses a non-reentrant model


 *************** function _InitKeys *****************
 Defined at:
		line 21 in file "source/Model.c"
 Parameters:    Size  Location     Type
		None
 Auto vars:     Size  Location     Type
  i               2   18[BANK0 ] int 
  SequencePoin    2   16[BANK0 ] PTR struct ASequenceStru
		 -> Sequences(30), 
 Return value:  Size  Location     Type
		None               void
 Registers used:
		wreg, fsr0l, fsr0h, fsr1l, fsr1h, fsr2l, fsr2h, status,2, status,0, pclat, tosl, structret, tblptrl, tblptrh, tblptru, prodl, prodh, bsr, cstack
 Tracked objects:
		On entry : 
		On exit  : 
		Unchanged: 
 Data sizes:     COMRAM   BANK0   BANK1   BANK2   BANK3   BANK4   BANK5   BANK6   BANK7   BANK8   BANK9  BANK10  BANK11  BANK12
      Params:         0       0       0       0       0       0       0       0       0       0       0       0       0       0
      Locals:         0       4       0       0       0       0       0       0       0       0       0       0       0       0
      Temps:          0       3       0       0       0       0       0       0       0       0       0       0       0       0
      Totals:         0       7       0       0       0       0       0       0       0       0       0       0       0       0
Total ram usage:        7 bytes
 Hardware stack levels used:    1
 Hardware stack levels required when called:    5
 This function calls:
		_InitSequences
		_GetSequencePointer
		_GetNewTimerPointer
 This function is called by:
		_TaskManager
 This function uses a non-reentrant model


 *************** function _DataCommsTask *****************
 Defined at:
		line 13 in file "source/DataCommsTask.c"
 Parameters:    Size  Location     Type
		None
 Auto vars:     Size  Location     Type
		None
 Return value:  Size  Location     Type
                  2    4[COMRAM] int 
 Registers used:
		None
 Tracked objects:
		On entry : 
		On exit  : 
		Unchanged: 
 Data sizes:     COMRAM   BANK0   BANK1   BANK2   BANK3   BANK4   BANK5   BANK6   BANK7   BANK8   BANK9  BANK10  BANK11  BANK12
      Params:         0       0       0       0       0       0       0       0       0       0       0       0       0       0
      Locals:         0       0       0       0       0       0       0       0       0       0       0       0       0       0
      Temps:          0       0       0       0       0       0       0       0       0       0       0       0       0       0
      Totals:         0       0       0       0       0       0       0       0       0       0       0       0       0       0
Total ram usage:        0 bytes
 Hardware stack levels used:    1
 Hardware stack levels required when called:    3
 This function calls:
		Nothing
 This function is called by:
		_TaskManager
 This function uses a non-reentrant model


 *************** function _InputTask *****************
 Defined at:
		line 14 in file "source/InputTask.c"
 Parameters:    Size  Location     Type
		None
 Auto vars:     Size  Location     Type
  i               2   11[BANK0 ] int 
 Return value:  Size  Location     Type
		None               void
 Registers used:
		wreg, fsr0l, fsr0h, fsr1l, fsr1h, fsr2l, fsr2h, status,2, status,0, pclat, tosl, structret, tblptrl, tblptrh, tblptru, prodl, prodh, bsr, cstack
 Tracked objects:
		On entry : 
		On exit  : 
		Unchanged: 
 Data sizes:     COMRAM   BANK0   BANK1   BANK2   BANK3   BANK4   BANK5   BANK6   BANK7   BANK8   BANK9  BANK10  BANK11  BANK12
      Params:         0       0       0       0       0       0       0       0       0       0       0       0       0       0
      Locals:         0       2       0       0       0       0       0       0       0       0       0       0       0       0
      Temps:          0       3       0       0       0       0       0       0       0       0       0       0       0       0
      Totals:         0       5       0       0       0       0       0       0       0       0       0       0       0       0
Total ram usage:        5 bytes
 Hardware stack levels used:    1
 Hardware stack levels required when called:    5
 This function calls:
		_MonitorButton
 This function is called by:
		_TaskManager
 This function uses a non-reentrant model


 *************** function _OutputTask *****************
 Defined at:
		line 15 in file "source/OutputTask.c"
 Parameters:    Size  Location     Type
		None
 Auto vars:     Size  Location     Type
  i               2    9[BANK0 ] int 
 Return value:  Size  Location     Type
		None               void
 Registers used:
		wreg, fsr0l, fsr0h, fsr1l, fsr1h, fsr2l, fsr2h, status,2, status,0, pclat, tosl, structret, tblptrl, tblptrh, tblptru, prodl, prodh, bsr, cstack
 Tracked objects:
		On entry : 
		On exit  : 
		Unchanged: 
 Data sizes:     COMRAM   BANK0   BANK1   BANK2   BANK3   BANK4   BANK5   BANK6   BANK7   BANK8   BANK9  BANK10  BANK11  BANK12
      Params:         0       0       0       0       0       0       0       0       0       0       0       0       0       0
      Locals:         0       2       0       0       0       0       0       0       0       0       0       0       0       0
      Temps:          0       3       0       0       0       0       0       0       0       0       0       0       0       0
      Totals:         0       5       0       0       0       0       0       0       0       0       0       0       0       0
Total ram usage:        5 bytes
 Hardware stack levels used:    1
 Hardware stack levels required when called:    5
 This function calls:
		_IlluminateButton
 This function is called by:
		_TaskManager
 This function uses a non-reentrant model


 *************** function _ConfigureOscillator *****************
 Defined at:
		line 45 in file "source/SystemSetup.c"
 Parameters:    Size  Location     Type
		None
 Auto vars:     Size  Location     Type
		None
 Return value:  Size  Location     Type
		None               void
 Registers used:
		wreg, status,2
 Tracked objects:
		On entry : 
		On exit  : 
		Unchanged: 
 Data sizes:     COMRAM   BANK0   BANK1   BANK2   BANK3   BANK4   BANK5   BANK6   BANK7   BANK8   BANK9  BANK10  BANK11  BANK12
      Params:         0       0       0       0       0       0       0       0       0       0       0       0       0       0
      Locals:         0       0       0       0       0       0       0       0       0       0       0       0       0       0
      Temps:          0       0       0       0       0       0       0       0       0       0       0       0       0       0
      Totals:         0       0       0       0       0       0       0       0       0       0       0       0       0       0
Total ram usage:        0 bytes
 Hardware stack levels used:    1
 Hardware stack levels required when called:    3
 This function calls:
		Nothing
 This function is called by:
		_main
 This function uses a non-reentrant model


 *************** function _ConfigurePorts *****************
 Defined at:
		line 62 in file "source/SystemSetup.c"
 Parameters:    Size  Location     Type
		None
 Auto vars:     Size  Location     Type
		None
 Return value:  Size  Location     Type
		None               void
 Registers used:
		wreg, status,2
 Tracked objects:
		On entry : 
		On exit  : 
		Unchanged: 
 Data sizes:     COMRAM   BANK0   BANK1   BANK2   BANK3   BANK4   BANK5   BANK6   BANK7   BANK8   BANK9  BANK10  BANK11  BANK12
      Params:         0       0       0       0       0       0       0       0       0       0       0       0       0       0
      Locals:         0       0       0       0       0       0       0       0       0       0       0       0       0       0
      Temps:          0       0       0       0       0       0       0       0       0       0       0       0       0       0
      Totals:         0       0       0       0       0       0       0       0       0       0       0       0       0       0
Total ram usage:        0 bytes
 Hardware stack levels used:    1
 Hardware stack levels required when called:    3
 This function calls:
		Nothing
 This function is called by:
		_main
 This function uses a non-reentrant model


 *************** function _InitApp *****************
 Defined at:
		line 29 in file "source/User.c"
 Parameters:    Size  Location     Type
		None
 Auto vars:     Size  Location     Type
		None
 Return value:  Size  Location     Type
		None               void
 Registers used:
		None
 Tracked objects:
		On entry : 
		On exit  : 
		Unchanged: 
 Data sizes:     COMRAM   BANK0   BANK1   BANK2   BANK3   BANK4   BANK5   BANK6   BANK7   BANK8   BANK9  BANK10  BANK11  BANK12
      Params:         0       0       0       0       0       0       0       0       0       0       0       0       0       0
      Locals:         0       0       0       0       0       0       0       0       0       0       0       0       0       0
      Temps:          0       0       0       0       0       0       0       0       0       0       0       0       0       0
      Totals:         0       0       0       0       0       0       0       0       0       0       0       0       0       0
Total ram usage:        0 bytes
 Hardware stack levels used:    1
 Hardware stack levels required when called:    3
 This function calls:
		Nothing
 This function is called by:
		_main
 This function uses a non-reentrant model


 *************** function _GetNewTimerPointer *****************
 Defined at:
		line 46 in file "source/TimerTask.c"
 Parameters:    Size  Location     Type
		None
 Auto vars:     Size  Location     Type
  TimerPointer    2    5[BANK0 ] PTR struct ATimerStruct
		 -> Timers(40), 
 Return value:  Size  Location     Type
                  2    0[BANK0 ] PTR struct ATimerStruct
 Registers used:
		wreg, status,2, status,0, tblptrl, tblptrh, tblptru
 Tracked objects:
		On entry : 
		On exit  : 
		Unchanged: 
 Data sizes:     COMRAM   BANK0   BANK1   BANK2   BANK3   BANK4   BANK5   BANK6   BANK7   BANK8   BANK9  BANK10  BANK11  BANK12
      Params:         0       2       0       0       0       0       0       0       0       0       0       0       0       0
      Locals:         0       2       0       0       0       0       0       0       0       0       0       0       0       0
      Temps:          0       3       0       0       0       0       0       0       0       0       0       0       0       0
      Totals:         0       7       0       0       0       0       0       0       0       0       0       0       0       0
Total ram usage:        7 bytes
 Hardware stack levels used:    1
 Hardware stack levels required when called:    3
 This function calls:
		Nothing
 This function is called by:
		_InitKeys
 This function uses a non-reentrant model


 *************** function _MonitorButton *****************
 Defined at:
		line 22 in file "source/InputTask.c"
 Parameters:    Size  Location     Type
  theId           2    5[BANK0 ] int 
 Auto vars:     Size  Location     Type
		None
 Return value:  Size  Location     Type
		None               void
 Registers used:
		wreg, fsr2l, fsr2h, status,2, status,0, cstack
 Tracked objects:
		On entry : 
		On exit  : 
		Unchanged: 
 Data sizes:     COMRAM   BANK0   BANK1   BANK2   BANK3   BANK4   BANK5   BANK6   BANK7   BANK8   BANK9  BANK10  BANK11  BANK12
      Params:         0       2       0       0       0       0       0       0       0       0       0       0       0       0
      Locals:         0       0       0       0       0       0       0       0       0       0       0       0       0       0
      Temps:          0       1       0       0       0       0       0       0       0       0       0       0       0       0
      Totals:         0       3       0       0       0       0       0       0       0       0       0       0       0       0
Total ram usage:        3 bytes
 Hardware stack levels used:    1
 Hardware stack levels required when called:    4
 This function calls:
		_ButtonBeingPressed
		_SetKeyState
		_GetKeyState
 This function is called by:
		_InputTask
 This function uses a non-reentrant model


 *************** function _ButtonBeingPressed *****************
 Defined at:
		line 66 in file "source/InputTask.c"
 Parameters:    Size  Location     Type
  theId           2    0[BANK0 ] int 
 Auto vars:     Size  Location     Type
  BeingPressed    1    4[BANK0 ] unsigned char 
 Return value:  Size  Location     Type
                  1    wreg      unsigned char 
 Registers used:
		wreg, status,2, status,0
 Tracked objects:
		On entry : 
		On exit  : 
		Unchanged: 
 Data sizes:     COMRAM   BANK0   BANK1   BANK2   BANK3   BANK4   BANK5   BANK6   BANK7   BANK8   BANK9  BANK10  BANK11  BANK12
      Params:         0       2       0       0       0       0       0       0       0       0       0       0       0       0
      Locals:         0       1       0       0       0       0       0       0       0       0       0       0       0       0
      Temps:          0       2       0       0       0       0       0       0       0       0       0       0       0       0
      Totals:         0       5       0       0       0       0       0       0       0       0       0       0       0       0
Total ram usage:        5 bytes
 Hardware stack levels used:    1
 Hardware stack levels required when called:    3
 This function calls:
		Nothing
 This function is called by:
		_MonitorButton
 This function uses a non-reentrant model


 *************** function _SetKeyState *****************
 Defined at:
		line 6 in file "source/Model.c"
 Parameters:    Size  Location     Type
  theKeyId        2    0[BANK0 ] int 
  theState        1    2[BANK0 ] enum E36
 Auto vars:     Size  Location     Type
		None
 Return value:  Size  Location     Type
		None               void
 Registers used:
		wreg, fsr2l, fsr2h, status,2, status,0
 Tracked objects:
		On entry : 
		On exit  : 
		Unchanged: 
 Data sizes:     COMRAM   BANK0   BANK1   BANK2   BANK3   BANK4   BANK5   BANK6   BANK7   BANK8   BANK9  BANK10  BANK11  BANK12
      Params:         0       3       0       0       0       0       0       0       0       0       0       0       0       0
      Locals:         0       0       0       0       0       0       0       0       0       0       0       0       0       0
      Temps:          0       2       0       0       0       0       0       0       0       0       0       0       0       0
      Totals:         0       5       0       0       0       0       0       0       0       0       0       0       0       0
Total ram usage:        5 bytes
 Hardware stack levels used:    1
 Hardware stack levels required when called:    3
 This function calls:
		Nothing
 This function is called by:
		_MonitorButton
 This function uses a non-reentrant model


 *************** function _IlluminateButton *****************
 Defined at:
		line 23 in file "source/OutputTask.c"
 Parameters:    Size  Location     Type
  theId           2    4[BANK0 ] int 
 Auto vars:     Size  Location     Type
		None
 Return value:  Size  Location     Type
		None               void
 Registers used:
		wreg, fsr2l, fsr2h, status,2, status,0, cstack
 Tracked objects:
		On entry : 
		On exit  : 
		Unchanged: 
 Data sizes:     COMRAM   BANK0   BANK1   BANK2   BANK3   BANK4   BANK5   BANK6   BANK7   BANK8   BANK9  BANK10  BANK11  BANK12
      Params:         0       2       0       0       0       0       0       0       0       0       0       0       0       0
      Locals:         0       0       0       0       0       0       0       0       0       0       0       0       0       0
      Temps:          0       0       0       0       0       0       0       0       0       0       0       0       0       0
      Totals:         0       2       0       0       0       0       0       0       0       0       0       0       0       0
Total ram usage:        2 bytes
 Hardware stack levels used:    1
 Hardware stack levels required when called:    4
 This function calls:
		_ColourA
		_ColourB
		_GetKeyState
 This function is called by:
		_OutputTask
 This function uses a non-reentrant model


 *************** function _GetKeyState *****************
 Defined at:
		line 11 in file "source/Model.c"
 Parameters:    Size  Location     Type
  theKeyId        2    0[BANK0 ] int 
 Auto vars:     Size  Location     Type
		None
 Return value:  Size  Location     Type
                  1    wreg      enum E42
 Registers used:
		wreg, fsr2l, fsr2h, status,2, status,0
 Tracked objects:
		On entry : 
		On exit  : 
		Unchanged: 
 Data sizes:     COMRAM   BANK0   BANK1   BANK2   BANK3   BANK4   BANK5   BANK6   BANK7   BANK8   BANK9  BANK10  BANK11  BANK12
      Params:         0       2       0       0       0       0       0       0       0       0       0       0       0       0
      Locals:         0       0       0       0       0       0       0       0       0       0       0       0       0       0
      Temps:          0       2       0       0       0       0       0       0       0       0       0       0       0       0
      Totals:         0       4       0       0       0       0       0       0       0       0       0       0       0       0
Total ram usage:        4 bytes
 Hardware stack levels used:    1
 Hardware stack levels required when called:    3
 This function calls:
		Nothing
 This function is called by:
		_MonitorButton
		_IlluminateButton
 This function uses a non-reentrant model


 *************** function _ColourA *****************
 Defined at:
		line 44 in file "source/OutputTask.c"
 Parameters:    Size  Location     Type
  theId           2    0[BANK0 ] int 
 Auto vars:     Size  Location     Type
		None
 Return value:  Size  Location     Type
		None               void
 Registers used:
		wreg, status,2, status,0
 Tracked objects:
		On entry : 
		On exit  : 
		Unchanged: 
 Data sizes:     COMRAM   BANK0   BANK1   BANK2   BANK3   BANK4   BANK5   BANK6   BANK7   BANK8   BANK9  BANK10  BANK11  BANK12
      Params:         0       2       0       0       0       0       0       0       0       0       0       0       0       0
      Locals:         0       0       0       0       0       0       0       0       0       0       0       0       0       0
      Temps:          0       2       0       0       0       0       0       0       0       0       0       0       0       0
      Totals:         0       4       0       0       0       0       0       0       0       0       0       0       0       0
Total ram usage:        4 bytes
 Hardware stack levels used:    1
 Hardware stack levels required when called:    3
 This function calls:
		Nothing
 This function is called by:
		_IlluminateButton
 This function uses a non-reentrant model


 *************** function _ColourB *****************
 Defined at:
		line 71 in file "source/OutputTask.c"
 Parameters:    Size  Location     Type
  theId           2    0[BANK0 ] int 
 Auto vars:     Size  Location     Type
		None
 Return value:  Size  Location     Type
		None               void
 Registers used:
		wreg, status,2, status,0
 Tracked objects:
		On entry : 
		On exit  : 
		Unchanged: 
 Data sizes:     COMRAM   BANK0   BANK1   BANK2   BANK3   BANK4   BANK5   BANK6   BANK7   BANK8   BANK9  BANK10  BANK11  BANK12
      Params:         0       2       0       0       0       0       0       0       0       0       0       0       0       0
      Locals:         0       0       0       0       0       0       0       0       0       0       0       0       0       0
      Temps:          0       2       0       0       0       0       0       0       0       0       0       0       0       0
      Totals:         0       4       0       0       0       0       0       0       0       0       0       0       0       0
Total ram usage:        4 bytes
 Hardware stack levels used:    1
 Hardware stack levels required when called:    3
 This function calls:
		Nothing
 This function is called by:
		_IlluminateButton
 This function uses a non-reentrant model


 *************** function _InitSequences *****************
 Defined at:
		line 11 in file "source/OutputSequences.c"
 Parameters:    Size  Location     Type
		None
 Auto vars:     Size  Location     Type
		None
 Return value:  Size  Location     Type
		None               void
 Registers used:
		wreg, status,2, tblptrl, tblptrh, tblptru
 Tracked objects:
		On entry : 
		On exit  : 
		Unchanged: 
 Data sizes:     COMRAM   BANK0   BANK1   BANK2   BANK3   BANK4   BANK5   BANK6   BANK7   BANK8   BANK9  BANK10  BANK11  BANK12
      Params:         0       0       0       0       0       0       0       0       0       0       0       0       0       0
      Locals:         0       0       0       0       0       0       0       0       0       0       0       0       0       0
      Temps:          0       1       0       0       0       0       0       0       0       0       0       0       0       0
      Totals:         0       1       0       0       0       0       0       0       0       0       0       0       0       0
Total ram usage:        1 bytes
 Hardware stack levels used:    1
 Hardware stack levels required when called:    3
 This function calls:
		Nothing
 This function is called by:
		_InitKeys
 This function uses a non-reentrant model


 *************** function _GetSequencePointer *****************
 Defined at:
		line 23 in file "source/OutputSequences.c"
 Parameters:    Size  Location     Type
  theId           2    6[BANK0 ] int 
 Auto vars:     Size  Location     Type
  SequencePoin    2   11[BANK0 ] PTR struct ASequenceStru
		 -> Sequences(30), 
 Return value:  Size  Location     Type
                  2    6[BANK0 ] PTR struct ASequenceStru
 Registers used:
		wreg, status,2, status,0, tblptrl, tblptrh, tblptru, cstack
 Tracked objects:
		On entry : 
		On exit  : 
		Unchanged: 
 Data sizes:     COMRAM   BANK0   BANK1   BANK2   BANK3   BANK4   BANK5   BANK6   BANK7   BANK8   BANK9  BANK10  BANK11  BANK12
      Params:         0       2       0       0       0       0       0       0       0       0       0       0       0       0
      Locals:         0       2       0       0       0       0       0       0       0       0       0       0       0       0
      Temps:          0       3       0       0       0       0       0       0       0       0       0       0       0       0
      Totals:         0       7       0       0       0       0       0       0       0       0       0       0       0       0
Total ram usage:        7 bytes
 Hardware stack levels used:    1
 Hardware stack levels required when called:    4
 This function calls:
		___wmul
 This function is called by:
		_InitKeys
 This function uses a non-reentrant model


 *************** function ___wmul *****************
 Defined at:
		line 3 in file "/Applications/microchip/xc8/v1.12/sources/wmul.c"
 Parameters:    Size  Location     Type
  multiplier      2    0[BANK0 ] unsigned int 
  multiplicand    2    2[BANK0 ] unsigned int 
 Auto vars:     Size  Location     Type
  product         2    4[BANK0 ] unsigned int 
 Return value:  Size  Location     Type
                  2    0[BANK0 ] unsigned int 
 Registers used:
		wreg, status,2, status,0
 Tracked objects:
		On entry : 
		On exit  : 
		Unchanged: 
 Data sizes:     COMRAM   BANK0   BANK1   BANK2   BANK3   BANK4   BANK5   BANK6   BANK7   BANK8   BANK9  BANK10  BANK11  BANK12
      Params:         0       4       0       0       0       0       0       0       0       0       0       0       0       0
      Locals:         0       2       0       0       0       0       0       0       0       0       0       0       0       0
      Temps:          0       0       0       0       0       0       0       0       0       0       0       0       0       0
      Totals:         0       6       0       0       0       0       0       0       0       0       0       0       0       0
Total ram usage:        6 bytes
 Hardware stack levels used:    1
 Hardware stack levels required when called:    3
 This function calls:
		Nothing
 This function is called by:
		_SetKeyState
		_GetKeyState
		_InitKeys
		_GetSequencePointer
		_SetTimer
		_GetKeyTimer
 This function uses a non-reentrant model


 *************** function _low_isr *****************
 Defined at:
		line 75 in file "source/Interrupts.c"
 Parameters:    Size  Location     Type
		None
 Auto vars:     Size  Location     Type
		None
 Return value:  Size  Location     Type
		None               void
 Registers used:
		None
 Tracked objects:
		On entry : 
		On exit  : 
		Unchanged: 
 Data sizes:     COMRAM   BANK0   BANK1   BANK2   BANK3   BANK4   BANK5   BANK6   BANK7   BANK8   BANK9  BANK10  BANK11  BANK12
      Params:         0       0       0       0       0       0       0       0       0       0       0       0       0       0
      Locals:         0       0       0       0       0       0       0       0       0       0       0       0       0       0
      Temps:         17       0       0       0       0       0       0       0       0       0       0       0       0       0
      Totals:        17       0       0       0       0       0       0       0       0       0       0       0       0       0
Total ram usage:       17 bytes
 Hardware stack levels used:    1
 Hardware stack levels required when called:    2
 This function calls:
		Nothing
 This function is called by:
		Interrupt level 1
 This function uses a non-reentrant model


 *************** function _high_isr *****************
 Defined at:
		line 36 in file "source/Interrupts.c"
 Parameters:    Size  Location     Type
		None
 Auto vars:     Size  Location     Type
		None
 Return value:  Size  Location     Type
		None               void
 Registers used:
		None
 Tracked objects:
		On entry : 
		On exit  : 
		Unchanged: 
 Data sizes:     COMRAM   BANK0   BANK1   BANK2   BANK3   BANK4   BANK5   BANK6   BANK7   BANK8   BANK9  BANK10  BANK11  BANK12
      Params:         0       0       0       0       0       0       0       0       0       0       0       0       0       0
      Locals:         0       0       0       0       0       0       0       0       0       0       0       0       0       0
      Temps:         14       0       0       0       0       0       0       0       0       0       0       0       0       0
      Totals:        14       0       0       0       0       0       0       0       0       0       0       0       0       0
Total ram usage:       14 bytes
 Hardware stack levels used:    1
 This function calls:
		Nothing
 This function is called by:
		Interrupt level 2
 This function uses a non-reentrant model


 *************** function _ISR *****************
 Defined at:
		line 83 in file "source/TimerTask.c"
 Parameters:    Size  Location     Type
		None
 Auto vars:     Size  Location     Type
		None
 Return value:  Size  Location     Type
		None               void
 Registers used:
		wreg, fsr0l, fsr0h, fsr1l, fsr1h, fsr2l, fsr2h, status,2, status,0, pclat, tosl, structret, tblptrl, tblptrh, tblptru, prodl, prodh, bsr, cstack
 Tracked objects:
		On entry : 
		On exit  : 
		Unchanged: 
 Data sizes:     COMRAM   BANK0   BANK1   BANK2   BANK3   BANK4   BANK5   BANK6   BANK7   BANK8   BANK9  BANK10  BANK11  BANK12
      Params:         0       0       0       0       0       0       0       0       0       0       0       0       0       0
      Locals:         0       0       0       0       0       0       0       0       0       0       0       0       0       0
      Temps:         14       0       0       0       0       0       0       0       0       0       0       0       0       0
      Totals:        14       0       0       0       0       0       0       0       0       0       0       0       0       0
Total ram usage:       14 bytes
 Hardware stack levels used:    1
 Hardware stack levels required when called:    1
 This function calls:
		_Increment_Timer
		_WriteTimer0
 This function is called by:
		Interrupt level 2
 This function uses a non-reentrant model


 *************** function _Increment_Timer *****************
 Defined at:
		line 34 in file "source/TimerTask.c"
 Parameters:    Size  Location     Type
		None
 Auto vars:     Size  Location     Type
		None
 Return value:  Size  Location     Type
		None               void
 Registers used:
		wreg, status,2, status,0
 Tracked objects:
		On entry : 
		On exit  : 
		Unchanged: 
 Data sizes:     COMRAM   BANK0   BANK1   BANK2   BANK3   BANK4   BANK5   BANK6   BANK7   BANK8   BANK9  BANK10  BANK11  BANK12
      Params:         0       0       0       0       0       0       0       0       0       0       0       0       0       0
      Locals:         0       0       0       0       0       0       0       0       0       0       0       0       0       0
      Temps:          0       0       0       0       0       0       0       0       0       0       0       0       0       0
      Totals:         0       0       0       0       0       0       0       0       0       0       0       0       0       0
Total ram usage:        0 bytes
 Hardware stack levels used:    1
 This function calls:
		Nothing
 This function is called by:
		_ISR
 This function uses a non-reentrant model


 *************** function _WriteTimer0 *****************
 Defined at:
		line 17 in file "plib/Timers/t0write.c"
 Parameters:    Size  Location     Type
  timer0          2   31[COMRAM] unsigned int 
 Auto vars:     Size  Location     Type
  timer           2   33[COMRAM] struct Timers
 Return value:  Size  Location     Type
		None               void
 Registers used:
		None
 Tracked objects:
		On entry : 
		On exit  : 
		Unchanged: 
 Data sizes:     COMRAM   BANK0   BANK1   BANK2   BANK3   BANK4   BANK5   BANK6   BANK7   BANK8   BANK9  BANK10  BANK11  BANK12
      Params:         2       0       0       0       0       0       0       0       0       0       0       0       0       0
      Locals:         2       0       0       0       0       0       0       0       0       0       0       0       0       0
      Temps:          0       0       0       0       0       0       0       0       0       0       0       0       0       0
      Totals:         4       0       0       0       0       0       0       0       0       0       0       0       0       0
Total ram usage:        4 bytes
 Hardware stack levels used:    1
 This function calls:
		Nothing
 This function is called by:
		_ISR
 This function uses a non-reentrant model



MODULE INFORMATION

Module		Function		Class		Link	Load	Size
source/Model.c
		_GetKeyState   		CODE           	1582	0000	72
		_InitKeys      		CODE           	0D0A	0000	342
		_SetKeyState   		CODE           	1538	0000	74

source/Model.c estimated size: 488

source/OutputTask.c
		_ColourB       		CODE           	148E	0000	88
		_ColourA       		CODE           	1436	0000	88
		_IlluminateButt		CODE           	1378	0000	96
		_OutputTask    		CODE           	10C8	0000	160

source/OutputTask.c estimated size: 432

shared
		_KeyCount      		SMALLCONST     	0D00	0000	2
		__initializatio		CODE           	15CA	0000	24
		_RedGreenPhases		SMALLCONST     	0D02	0000	2
		_SequencesCount		SMALLCONST     	0D04	0000	2
		_TimersCount   		SMALLCONST     	0D06	0000	2

shared estimated size: 32

source/Main.c
		_main          		CODE           	160A	0000	26

source/Main.c estimated size: 26

source/Interrupts.c
		_high_isr      		CODE           	0008	0000	114
		_low_isr       		CODE           	0018	0000	138

source/Interrupts.c estimated size: 252

source/TaskManager.c
		_TaskManager   		CODE           	14E6	0000	82

source/TaskManager.c estimated size: 82

source/SystemSetup.c
		_ConfigureOscil		CODE           	164A	0000	6
		_ConfigurePorts		CODE           	15EC	0000	30

source/SystemSetup.c estimated size: 36

plib/Timers/t0write.c
		_WriteTimer0   		CODE           	1638	0000	18

plib/Timers/t0write.c estimated size: 18

/Applications/microchip/xc8/v1.12/sources/wmul.c
		___wmul        		CODE           	1310	0000	104

/Applications/microchip/xc8/v1.12/sources/wmul.c estimated size: 104

source/TimerTask.c
		_ISR           		CODE           	007A	0000	4480
		_Increment_Time		CODE           	1624	0000	20
		_GetNewTimerPoi		CODE           	1288	0000	136

source/TimerTask.c estimated size: 4636

source/User.c
		_InitApp       		CODE           	1652	0000	2

source/User.c estimated size: 2

source/OutputSequences.c
		_GetSequencePoi		CODE           	11FA	0000	142
		_InitSequences 		CODE           	13D8	0000	94

source/OutputSequences.c estimated size: 236

source/InputTask.c
		_ButtonBeingPre		CODE           	0F76	0000	178
		_InputTask     		CODE           	1028	0000	160
		_MonitorButton 		CODE           	0E60	0000	278

source/InputTask.c estimated size: 616

source/DataCommsTask.c
		_DataCommsTask 		CODE           	1650	0000	2

source/DataCommsTask.c estimated size: 2

