Microchip MPLAB XC8 Compiler V1.20 ()

Linker command line:

--edf=C:\Program Files\Microchip\xc8\v1.20\dat\en_msgs.txt -cs \
  -h+dist/XC8_18F87K22/production\FPQ-1.X.production.sym \
  --cmf=dist/XC8_18F87K22/production\FPQ-1.X.production.cmf -z -Q18F2585 \
  -oC:\DOCUME~1\David\LOCALS~1\Temp\s20k.6 \
  -Mdist/XC8_18F87K22/production/FPQ-1.X.production.map -E1 -ver=XC8 \
  -ACODE=00h-0BFFFh -ACONST=00h-0BFFFh -ASMALLCONST=0D00h-0DFFhx179 \
  -AMEDIUMCONST=0D00h-0BFFFh -ACOMRAM=01h-05Fh -AABS1=00h-0CFFh \
  -ABIGRAM=01h-0CFFh -ARAM=060h-0FFh,0100h-01FFhx12 -ABANK0=060h-0FFh \
  -ABANK1=0100h-01FFh -ABANK2=0200h-02FFh -ABANK3=0300h-03FFh \
  -ABANK4=0400h-04FFh -ABANK5=0500h-05FFh -ABANK6=0600h-06FFh \
  -ABANK7=0700h-07FFh -ABANK8=0800h-08FFh -ABANK9=0900h-09FFh \
  -ABANK10=0A00h-0AFFh -ABANK11=0B00h-0BFFh -ABANK12=0C00h-0CFFh \
  -ASFR=0D00h-0DFFhx2,0F00h-0F5Fh,0F60h-0FFFh \
  -preset_vec=00h,intcode=08h,intcodelo=018h,powerup,init,end_init \
  -pramtop=0D00h -psmallconst=SMALLCONST -pmediumconst=MEDIUMCONST \
  -pconst=CONST -AFARRAM=00h-00h -ACONFIG=0300000h-030000Dh -pconfig=CONFIG \
  -AIDLOC=0200000h-0200007h -pidloc=IDLOC -AEEDATA=0F00000h-0F003FFh \
  -peeprom_data=EEDATA \
  -prdata=COMRAM,nvrram=COMRAM,nvbit=COMRAM,rbss=COMRAM,rbit=COMRAM \
  -pfarbss=FARRAM,fardata=FARRAM,nvFARRAM=FARRAM \
  -pintsave_regs=BIGRAM,bigbss=BIGRAM,bigdata=BIGRAM -pbss=RAM \
  -pidata=CODE,irdata=CODE,ibigdata=CODE,ifardata=CODE \
  C:\DOCUME~1\David\LOCALS~1\Temp\s20k.obj \
  dist/XC8_18F87K22/production\FPQ-1.X.production.obj 

Object code version is 3.11

Machine type is 18F2585

Call graph: (short form)




                Name                               Link     Load   Length Selector   Space Scale
C:\DOCUME~1\David\LOCALS~1\Temp\s20k.obj
                end_init                             A2       A2        4        C       0
                reset_vec                             0        0        4        0       0
                idloc                            200000   200000        8   200000       0
                config                           300000   300000        E   300000       0
dist/XC8_18F87K22/production\FPQ-1.X.production.obj
                intcodelo                            18       18       8A        C       0
                intcode                               8        8       10        4       0
                smallconst                          D00      D00       4E      680       0
                intcode_body                       29F2     29F2       68     12DF       0
                text48                             2ED2     2ED2       16     12DF       0
                text47                             16C8     16C8      218      6A7       0
                text46                             2F20     2F20       12     12DF       0
                text45                             2906     2906       7A     12DF       0
                text44                             2EE8     2EE8       14     12DF       0
                text43                             2396     2396       C4      6A7       0
                text42                             2F32     2F32       10     12DF       0
                text41                             2B66     2B66       56     12DF       0
                text40                             2B10     2B10       56     12DF       0
                text39                             2C50     2C50       46     12DF       0
                text38                             18E0     18E0      1CC      6A7       0
                text37                             1C4C     1C4C      174      6A7       0
                text36                              D4E      D4E      3C2      6A7       0
                text35                             22C2     22C2       D4      6A7       0
                text34                             1F1E     1F1E      15E      6A7       0
                text33                             1AAC     1AAC      1A0      6A7       0
                text32                             148A     148A      23E      6A7       0
                text31                             1110     1110      37A      6A7       0
                text30                             2E9C     2E9C       1E     12DF       0
                text29                             2E7E     2E7E       1E     12DF       0
                text28                             2F56     2F56        4     12DF       0
                text27                             2EBA     2EBA       18     12DF       0
                text26                             2F0E     2F0E       12     12DF       0
                text25                             2EFC     2EFC       12     12DF       0
                text24                             207C     207C      150      6A7       0
                text23                             21CC     21CC       F6      6A7       0
                text22                             2F4C     2F4C        A     12DF       0
                text21                             2E60     2E60       1E     12DF       0
                text20                             2BBC     2BBC       4E     12DF       0
                text19                             245A     245A       B6      6A7       0
                text18                             2DD2     2DD2       34     12DF       0
                text17                             2E42     2E42       1E     12DF       0
                text16                             2E24     2E24       1E     12DF       0
                text15                             2980     2980       72     12DF       0
                text14                             2D1A     2D1A       42     12DF       0
                text13                             2CD8     2CD8       42     12DF       0
                text12                             2C96     2C96       42     12DF       0
                text11                             27C2     27C2       AC     12DF       0
                text10                             2716     2716       AC     12DF       0
                text9                              266A     266A       AC     12DF       0
                text8                              25BE     25BE       AC     12DF       0
                text7                              1DC0     1DC0      15E      6A7       0
                text6                              286E     286E       98     12DF       0
                text5                              2D9A     2D9A       38     12DF       0
                text4                              2D5C     2D5C       3E     12DF       0
                text3                              2E06     2E06       1E     12DF       0
                text2                              2A5A     2A5A       5C     12DF       0
                text1                              2C0A     2C0A       46     12DF       0
                text0                              2F42     2F42        A     12DF       0
                cstackCOMRAM                          1        1       31        1       1
                cstackBANK0                          C7       C7       36       60       1
                dataBANK1                           100      100       AD      100       1
                bssBANK0                             60       60       67       60       1
                dataCOMRAM                           3F       3F        2        1       1
                bssCOMRAM                            32       32        D        1       1
                cinit                              2AB6     2AB6       5A     12DF       0
                idataBANK1                         2510     2510       AD      6A7       0
                idataCOMRAM                        2F5A     2F5A        2     12DF       0

TOTAL           Name                               Link     Load   Length     Space
        CLASS   CODE           
                end_init                             A2       A2        4         0
                intcodelo                            18       18       8A         0
                intcode                               8        8       10         0
                reset_vec                             0        0        4         0
                intcode_body                       29F2     29F2       68         0
                text48                             2ED2     2ED2       16         0
                text47                             16C8     16C8      218         0
                text46                             2F20     2F20       12         0
                text45                             2906     2906       7A         0
                text44                             2EE8     2EE8       14         0
                text43                             2396     2396       C4         0
                text42                             2F32     2F32       10         0
                text41                             2B66     2B66       56         0
                text40                             2B10     2B10       56         0
                text39                             2C50     2C50       46         0
                text38                             18E0     18E0      1CC         0
                text37                             1C4C     1C4C      174         0
                text36                              D4E      D4E      3C2         0
                text35                             22C2     22C2       D4         0
                text34                             1F1E     1F1E      15E         0
                text33                             1AAC     1AAC      1A0         0
                text32                             148A     148A      23E         0
                text31                             1110     1110      37A         0
                text30                             2E9C     2E9C       1E         0
                text29                             2E7E     2E7E       1E         0
                text28                             2F56     2F56        4         0
                text27                             2EBA     2EBA       18         0
                text26                             2F0E     2F0E       12         0
                text25                             2EFC     2EFC       12         0
                text24                             207C     207C      150         0
                text23                             21CC     21CC       F6         0
                text22                             2F4C     2F4C        A         0
                text21                             2E60     2E60       1E         0
                text20                             2BBC     2BBC       4E         0
                text19                             245A     245A       B6         0
                text18                             2DD2     2DD2       34         0
                text17                             2E42     2E42       1E         0
                text16                             2E24     2E24       1E         0
                text15                             2980     2980       72         0
                text14                             2D1A     2D1A       42         0
                text13                             2CD8     2CD8       42         0
                text12                             2C96     2C96       42         0
                text11                             27C2     27C2       AC         0
                text10                             2716     2716       AC         0
                text9                              266A     266A       AC         0
                text8                              25BE     25BE       AC         0
                text7                              1DC0     1DC0      15E         0
                text6                              286E     286E       98         0
                text5                              2D9A     2D9A       38         0
                text4                              2D5C     2D5C       3E         0
                text3                              2E06     2E06       1E         0
                text2                              2A5A     2A5A       5C         0
                text1                              2C0A     2C0A       46         0
                text0                              2F42     2F42        A         0
                cinit                              2AB6     2AB6       5A         0
                idataBANK1                         2510     2510       AD         0
                idataCOMRAM                        2F5A     2F5A        2         0

        CLASS   CONST          

        CLASS   SMALLCONST     
                smallconst                          D00      D00       4E         0

        CLASS   MEDIUMCONST    

        CLASS   COMRAM         
                cstackCOMRAM                          1        1       31         1
                dataCOMRAM                           3F       3F        2         1
                bssCOMRAM                            32       32        D         1

        CLASS   ABS1           

        CLASS   BIGRAM         

        CLASS   RAM            

        CLASS   BANK0          
                cstackBANK0                          C7       C7       36         1
                bssBANK0                             60       60       67         1

        CLASS   BANK1          
                dataBANK1                           100      100       AD         1

        CLASS   BANK2          

        CLASS   BANK3          

        CLASS   BANK4          

        CLASS   BANK5          

        CLASS   BANK6          

        CLASS   BANK7          

        CLASS   BANK8          

        CLASS   BANK9          

        CLASS   BANK10         

        CLASS   BANK11         

        CLASS   BANK12         

        CLASS   SFR            

        CLASS   FARRAM         

        CLASS   CONFIG         
                config                           300000   300000        E         0

        CLASS   IDLOC          
                idloc                            200000   200000        8         0

        CLASS   EEDATA         



SEGMENTS        Name                           Load    Length   Top    Selector   Space  Class

                reset_vec                      000000  000004  000004         0       0  CODE    
                cstackCOMRAM                   000001  000040  000041         1       1  COMRAM  
                intcode                        000008  000010  000018         4       0  CODE    
                intcodelo                      000018  00008E  0000A6         C       0  CODE    
                bssBANK0                       000060  00009D  0000FD        60       1  BANK0   
                dataBANK1                      000100  0000AD  0001AD       100       1  BANK1   
                smallconst                     000D00  00004E  000D4E       680       0  SMALLCON
                text36                         000D4E  00186F  0025BD       6A7       0  CODE    
                text8                          0025BE  00099E  002F5C      12DF       0  CODE    
                idloc                          200000  000008  200008    200000       0  IDLOC   
                config                         300000  00000E  30000E    300000       0  CONFIG  


UNUSED ADDRESS RANGES

        Name                Unused          Largest block    Delta
        BANK0            0000FD-0000FF                3
        BANK1            0001AD-0001FF               53
        BANK10           000A00-000AFF              100
        BANK11           000B00-000BFF              100
        BANK12           000C00-000CFF              100
        BANK2            000200-0002FF              100
        BANK3            000300-0003FF              100
        BANK4            000400-0004FF              100
        BANK5            000500-0005FF              100
        BANK6            000600-0006FF              100
        BANK7            000700-0007FF              100
        BANK8            000800-0008FF              100
        BANK9            000900-0009FF              100
        BIGRAM           000041-00005F               1F
                         0000FD-0000FF                3
                         0001AD-000CFF              B53
        CODE             000004-000007                4
                         0000A6-000CFF              C5A
                         0025BD-0025BD                1
                         002F5C-00BFFF             90A4
        COMRAM           000041-00005F               1F
        CONST            000004-000007                4
                         0000A6-000CFF              C5A
                         0025BD-0025BD                1
                         002F5C-00BFFF             90A4
        EEDATA           F00000-F003FF              400
        MEDIUMCONST      0025BD-0025BD                1
                         002F5C-00BFFF             90A4
        RAM              0000FD-0000FF                3
                         0001AD-000CFF              100
        SFR              000D00-000FFF              100
        SMALLCONST       0025BD-0025BD                1
                         002F5C-00BFFF              100

                                  Symbol Table

?_ButtonBeingPressed                   cstackCOMRAM 000020
?_CalculateFutureTime                  cstackCOMRAM 000020
?_ColourA                              cstackCOMRAM 000020
?_ColourB                              cstackCOMRAM 000020
?_ColourMix                            cstackCOMRAM 00002B
?_ColourNone                           cstackCOMRAM 000020
?_CustomerBeingServed                  cstackCOMRAM 000025
?_CustomerWating                       cstackCOMRAM 000025
?_DimmedColourA                        cstackCOMRAM 00002B
?_ECANReceiveMessage                   cstackBANK0  0000D7
?_ECANSendMessage                      cstackBANK0  0000C7
?_ECANSetOperationMode                 cstackCOMRAM 000020
?_GetColour                            cstackBANK0  0000C8
?_GetKeyInputTimer                     cstackCOMRAM 000020
?_GetKeyState                          cstackCOMRAM 000020
?_GetKeyTimer                          cstackCOMRAM 000020
?_GetSequence                          cstackCOMRAM 000020
?_GetSequenceState                     cstackCOMRAM 000020
?_IlluminateButton                     cstackBANK0  0000D1
?_MaturedTimer                         cstackCOMRAM 000020
?_MonitorButton                        cstackCOMRAM 00002B
?_OpenTimer0                           cstackCOMRAM 000020
?_OpenUSART                            cstackCOMRAM 000020
?_RapidFlashColourB                    cstackCOMRAM 00002B
?_RedGreenFlash                        cstackCOMRAM 00002B
?_SetKeyState                          cstackCOMRAM 000026
?_WriteTimer0                          cstackCOMRAM 000020
?_WriteUSART                           cstackCOMRAM 000020
?__CANIDToRegs                         cstackCOMRAM 000020
?__RegsToCANID                         cstackCOMRAM 000020
?___lwdiv                              cstackCOMRAM 000020
?___lwmod                              cstackCOMRAM 000028
?_putsUSART                            cstackCOMRAM 000021
?_sprintf                              cstackBANK0  0000C7
ButtonBeingPressed@BeingPressed        cstackCOMRAM 000022
ButtonBeingPressed@theId               cstackCOMRAM 000020
CalculateFutureTime@CarryOver          cstackCOMRAM 00002A
CalculateFutureTime@theHalfSeconds     cstackCOMRAM 000024
CalculateFutureTime@theMinutes         cstackCOMRAM 000022
CalculateFutureTime@theSeconds         cstackCOMRAM 000023
CalculateFutureTime@theTimer           cstackCOMRAM 000020
CanCommsTask@DataCommsReadState        bssBANK0     000060
CanCommsTask@str                       cstackBANK0  0000F2
CanCommsTask@str_333                   cstackBANK0  0000F7
ColourA@theId                          cstackCOMRAM 000020
ColourB@theId                          cstackCOMRAM 000020
ColourMix@ReturnColour                 cstackBANK0  0000C7
ColourMix@theState                     cstackCOMRAM 00002B
ColourMix@theTimer                     cstackCOMRAM 00002D
ColourNone@theId                       cstackCOMRAM 000020
DimmedColourA@ReturnColour             cstackBANK0  0000C7
DimmedColourA@theState                 cstackCOMRAM 00002B
DimmedColourA@theTimer                 cstackCOMRAM 00002D
ECANReceiveMessage@data                cstackBANK0  0000D9
ECANReceiveMessage@dataLen             cstackBANK0  0000DB
ECANReceiveMessage@i                   cstackBANK0  0000EB
ECANReceiveMessage@id                  cstackBANK0  0000D7
ECANReceiveMessage@msgFlags            cstackBANK0  0000DD
ECANReceiveMessage@ptr                 cstackBANK0  0000EC
ECANReceiveMessage@savedPtr            cstackBANK0  0000E9
ECANReceiveMessage@str                 cstackBANK0  0000DF
ECANReceiveMessage@str_1913            cstackBANK0  0000E4
ECANReceiveMessage@temp                cstackBANK0  0000EE
ECANSendMessage@data                   cstackBANK0  0000CB
ECANSendMessage@dataLen                cstackBANK0  0000CD
ECANSendMessage@i                      cstackBANK0  0000E5
ECANSendMessage@id                     cstackBANK0  0000C7
ECANSendMessage@j                      cstackBANK0  0000E1
ECANSendMessage@msgFlags               cstackBANK0  0000CE
ECANSendMessage@pb                     cstackBANK0  0000CF
ECANSendMessage@ptr                    cstackBANK0  0000E6
ECANSendMessage@temp                   cstackBANK0  0000E4
ECANSendMessage@tempPtr                cstackBANK0  0000E2
ECANSetOperationMode@mode              cstackCOMRAM 000020
GetColour@ReturnColour                 cstackBANK0  0000D0
GetColour@theSequences                 cstackBANK0  0000C8
GetColour@theState                     cstackBANK0  0000C9
GetColour@theTimer                     cstackBANK0  0000CB
GetKeyInputTimer@theKeyId              cstackCOMRAM 000020
GetKeyState@theKeyId                   cstackCOMRAM 000020
GetKeyTimer@theKeyId                   cstackCOMRAM 000020
GetSequence@ReturnedSequence           cstackCOMRAM 000021
GetSequence@theKeyId                   cstackCOMRAM 000020
GetSequenceState@theKeyId              cstackCOMRAM 000020
GetSerialChar@ReceivedChar             cstackCOMRAM 000021
IlluminateButton@KeyTimer              cstackBANK0  0000D2
IlluminateButton@Sequence              cstackBANK0  0000D6
IlluminateButton@SequenceState         cstackBANK0  0000D4
IlluminateButton@theId                 cstackBANK0  0000D1
InitKeys@KeyTimer                      cstackCOMRAM 000020
InputTask@i                            cstackBANK0  0000C7
MaturedTimer@ToReturn                  cstackCOMRAM 000023
MaturedTimer@theTimer                  cstackCOMRAM 000020
MonitorBartenderButton@BartenderButton dataCOMRAM   00003F
MonitorButton@KeyTimer                 cstackCOMRAM 00002F
MonitorButton@theId                    cstackCOMRAM 00002B
OpenTimer0@config                      cstackCOMRAM 000020
OpenUSART@config                       cstackCOMRAM 000020
OpenUSART@spbrg                        cstackCOMRAM 000021
OutputTask@i                           cstackBANK0  0000D8
RapidFlashColourB@ReturnColour         cstackBANK0  0000C7
RapidFlashColourB@theState             cstackCOMRAM 00002B
RapidFlashColourB@theTimer             cstackCOMRAM 00002D
ReadUSART@data                         cstackCOMRAM 000020
RedGreenFlash@ReturnColour             cstackBANK0  0000C7
RedGreenFlash@theState                 cstackCOMRAM 00002B
RedGreenFlash@theTimer                 cstackCOMRAM 00002D
SetKeyState@LoopKeyId                  cstackCOMRAM 000029
SetKeyState@OldHeadOfQueue             cstackCOMRAM 000028
SetKeyState@theKeyId                   cstackCOMRAM 000026
SetKeyState@theState                   cstackCOMRAM 000027
TaskManager@Operation                  dataCOMRAM   000040
UartCommsTask@DataCommsReadState       bssCOMRAM    00003A
UartCommsTask@HeadOfQueue              cstackCOMRAM 00002B
UartCommsTask@Msg                      bssCOMRAM    00003B
WriteTimer0@timer                      cstackCOMRAM 000022
WriteTimer0@timer0                     cstackCOMRAM 000020
WriteUSART@data                        cstackCOMRAM 000020
_ADCON1                                (abs)        000FC1
_BRGCON1                               (abs)        000F70
_BRGCON2                               (abs)        000F71
_BRGCON3                               (abs)        000F72
_ButtonBeingPressed                    text20       002BBC
_CANCON                                (abs)        000F6F
_CIOCON                                (abs)        000F73
_COMSTATbits                           (abs)        000F74
_CalculateFutureTime                   text32       00148A
_CanCommsTask                          text31       001110
_ColourA                               text13       002CD8
_ColourB                               text12       002C96
_ColourMix                             text8        0025BE
_ColourNone                            text14       002D1A
_ConfigureHardware                     text1        002C0A
_CustomerBeingServed                   text25       002EFC
_CustomerWating                        text26       002F0E
_DataCommsTask                         text22       002F4C
_DimmedColourA                         text10       002716
_ECANCONbits                           (abs)        000F77
_ECANInitialize                        text43       002396
_ECANReceiveMessage                    text36       000D4E
_ECANSendMessage                       text33       001AAC
_ECANSetOperationMode                  text44       002EE8
_EndChar                               smallconst   000D0A
_GetColour                             text7        001DC0
_GetHeadOfQueue                        text28       002F56
_GetKeyInputTimer                      text21       002E60
_GetKeyState                           text27       002EBA
_GetKeyTimer                           text17       002E42
_GetSequence                           text15       002980
_GetSequenceState                      text16       002E24
_GetSerialChar                         text29       002E7E
_INTCONbits                            (abs)        000FF2
_ISR                                   intcode      000008
_IlluminateButton                      text6        00286E
_Increment_Timer                       text45       002906
_InitKeys                              text47       0016C8
_InitText                              dataBANK1    000158
_InitTime                              text48       002ED2
_InputTask                             text18       002DD2
_KeyCount                              smallconst   000D0B
_LowPriorityISR                        intcodelo    000018
_MaturedTimer                          text35       0022C2
_MonitorButton                         text19       00245A
_NoRead                                smallconst   000D0C
_OSCCON                                (abs)        000FD3
_OpenTimer0                            text3        002E06
_OpenUSART                             text2        002A5A
_OutputTask                            text5        002D9A
_PIE1bits                              (abs)        000F9D
_PIR1bits                              (abs)        000F9E
_PIR3bits                              (abs)        000FA4
_PORTA                                 (abs)        000F80
_PORTAbits                             (abs)        000F80
_PORTB                                 (abs)        000F81
_PORTBbits                             (abs)        000F81
_PORTC                                 (abs)        000F82
_PORTCbits                             (abs)        000F82
_RCREG                                 (abs)        000FAE
_RCSTA                                 (abs)        000FAB
_RCSTAbits                             (abs)        000FAB
_RXB0CON                               (abs)        000F60
_RXB0CONbits                           (abs)        000F60
_RXB1CON                               (abs)        000F50
_RXB1CONbits                           (abs)        000F50
_RXF0SIDH                              (abs)        000F00
_RXF0SIDL                              (abs)        000F01
_RXF1SIDH                              (abs)        000F04
_RXF1SIDL                              (abs)        000F05
_RXF2SIDH                              (abs)        000F08
_RXF2SIDL                              (abs)        000F09
_RXF3SIDH                              (abs)        000F0C
_RXF3SIDL                              (abs)        000F0D
_RXF4SIDH                              (abs)        000F10
_RXF4SIDL                              (abs)        000F11
_RXF5SIDH                              (abs)        000F14
_RXF5SIDL                              (abs)        000F15
_RXM0SIDH                              (abs)        000F18
_RXM0SIDL                              (abs)        000F19
_RXM0SIDLbits                          (abs)        000F19
_RXM1SIDH                              (abs)        000F1C
_RXM1SIDL                              (abs)        000F1D
_RXM1SIDLbits                          (abs)        000F1D
_RapidFlashColourB                     text9        00266A
_ReadUSART                             text30       002E9C
_RedGreenFlash                         text11       0027C2
_SPBRG                                 (abs)        000FAF
_SPBRGH                                (abs)        000FB0
_SequenceReset                         smallconst   000D0D
_SetKeyState                           text24       00207C
_StartChar                             smallconst   000D0E
_T0CON                                 (abs)        000FD5
_T0CONbits                             (abs)        000FD5
_T0IF                                  (abs)        007F92
_TMR0H                                 (abs)        000FD7
_TMR0L                                 (abs)        000FD6
_TRISA                                 (abs)        000F92
_TRISB                                 (abs)        000F93
_TRISC                                 (abs)        000F94
_TRISCbits                             (abs)        000F94
_TXB0CON                               (abs)        000F40
_TXB1CON                               (abs)        000F30
_TXB2CON                               (abs)        000F20
_TXREG                                 (abs)        000FAD
_TXSTA                                 (abs)        000FAC
_TXSTAbits                             (abs)        000FAC
_TaskManager                           text4        002D5C
_TimersCount                           smallconst   000D0F
_USART_Status                          bssCOMRAM    00003C
_UartCommsTask                         text23       0021CC
_WriteTimer0                           text46       002F20
_WriteUSART                            text42       002F32
__CANIDToRegs                          text34       001F1E
__CANIDToRegs@Value                    cstackCOMRAM 000029
__CANIDToRegs@ptr                      cstackCOMRAM 000020
__CANIDToRegs@type                     cstackCOMRAM 000026
__CANIDToRegs@val                      cstackCOMRAM 000022
__CFG_BBSIZ$1024                       (abs)        000000
__CFG_BOREN$BOHW                       (abs)        000000
__CFG_BORV$3                           (abs)        000000
__CFG_CP0$OFF                          (abs)        000000
__CFG_CP1$OFF                          (abs)        000000
__CFG_CP2$OFF                          (abs)        000000
__CFG_CPB$OFF                          (abs)        000000
__CFG_CPD$OFF                          (abs)        000000
__CFG_EBTR0$OFF                        (abs)        000000
__CFG_EBTR1$OFF                        (abs)        000000
__CFG_EBTR2$OFF                        (abs)        000000
__CFG_EBTRB$OFF                        (abs)        000000
__CFG_FCMEN$OFF                        (abs)        000000
__CFG_IESO$OFF                         (abs)        000000
__CFG_LPT1OSC$OFF                      (abs)        000000
__CFG_LVP$OFF                          (abs)        000000
__CFG_MCLRE$OFF                        (abs)        000000
__CFG_OSC$IRCIO67                      (abs)        000000
__CFG_PBADEN$OFF                       (abs)        000000
__CFG_PWRT$OFF                         (abs)        000000
__CFG_STVREN$OFF                       (abs)        000000
__CFG_WDT$OFF                          (abs)        000000
__CFG_WDTPS$32768                      (abs)        000000
__CFG_WRT0$OFF                         (abs)        000000
__CFG_WRT1$OFF                         (abs)        000000
__CFG_WRT2$OFF                         (abs)        000000
__CFG_WRTB$OFF                         (abs)        000000
__CFG_WRTC$OFF                         (abs)        000000
__CFG_WRTD$OFF                         (abs)        000000
__CFG_XINST$OFF                        (abs)        000000
__ECANRxFilterHitInfo                  bssBANK0     000061
__HRAM                                 (abs)        000000
__Habs1                                abs1         000000
__Hbank0                               bank0        000000
__Hbank1                               bank1        000000
__Hbank10                              bank10       000000
__Hbank11                              bank11       000000
__Hbank12                              bank12       000000
__Hbank2                               bank2        000000
__Hbank3                               bank3        000000
__Hbank4                               bank4        000000
__Hbank5                               bank5        000000
__Hbank6                               bank6        000000
__Hbank7                               bank7        000000
__Hbank8                               bank8        000000
__Hbank9                               bank9        000000
__Hbigbss                              bigbss       000000
__Hbigdata                             bigdata      000000
__Hbigram                              bigram       000000
__Hbss                                 bss          000000
__HbssBANK0                            bssBANK0     000000
__HbssCOMRAM                           bssCOMRAM    000000
__Hcinit                               cinit        000000
__Hclrtext                             clrtext      000000
__Hcomram                              comram       000000
__Hconfig                              config       30000E
__Hconst                               const        000000
__HcstackBANK0                         cstackBANK0  000000
__HcstackCOMRAM                        cstackCOMRAM 000000
__Hdata                                data         000000
__HdataBANK1                           dataBANK1    000000
__HdataCOMRAM                          dataCOMRAM   000000
__Heeprom_data                         eeprom_data  000000
__Hend_init                            end_init     0000A6
__Hfarbss                              farbss       000000
__Hfardata                             fardata      000000
__Hibigdata                            ibigdata     000000
__Hidata                               idata        000000
__HidataBANK1                          idataBANK1   000000
__HidataCOMRAM                         idataCOMRAM  000000
__Hidloc                               idloc        200008
__Hifardata                            ifardata     000000
__Hinit                                init         0000A2
__Hintcode                             intcode      000018
__Hintcode_body                        intcode_body 000000
__Hintcodelo                           intcodelo    0000A2
__Hintentry                            intentry     000000
__Hintret                              intret       000000
__Hintsave_regs                        intsave_regs 000000
__Hirdata                              irdata       000000
__Hmediumconst                         mediumconst  000000
__HnvFARRAM                            nvFARRAM     000000
__Hnvbit                               nvbit        000000
__Hnvrram                              nvrram       000000
__Hparam                               rparam       000000
__Hpowerup                             powerup      0000A2
__Hram                                 ram          000000
__Hramtop                              ramtop       000D00
__Hrbit                                rbit         000000
__Hrbss                                rbss         000000
__Hrdata                               rdata        000000
__Hreset_vec                           reset_vec    000004
__Hrparam                              rparam       000000
__Hsfr                                 sfr          000000
__Hsmallconst                          smallconst   000D4E
__Hstruct                              struct       000000
__Htemp                                temp         000000
__Htext                                text         000000
__Htext0                               text0        000000
__Htext1                               text1        000000
__Htext10                              text10       000000
__Htext11                              text11       000000
__Htext12                              text12       000000
__Htext13                              text13       000000
__Htext14                              text14       000000
__Htext15                              text15       000000
__Htext16                              text16       000000
__Htext17                              text17       000000
__Htext18                              text18       000000
__Htext19                              text19       000000
__Htext2                               text2        000000
__Htext20                              text20       000000
__Htext21                              text21       000000
__Htext22                              text22       000000
__Htext23                              text23       000000
__Htext24                              text24       000000
__Htext25                              text25       000000
__Htext26                              text26       000000
__Htext27                              text27       000000
__Htext28                              text28       000000
__Htext29                              text29       000000
__Htext3                               text3        000000
__Htext30                              text30       000000
__Htext31                              text31       000000
__Htext32                              text32       000000
__Htext33                              text33       000000
__Htext34                              text34       000000
__Htext35                              text35       000000
__Htext36                              text36       000000
__Htext37                              text37       000000
__Htext38                              text38       000000
__Htext39                              text39       000000
__Htext4                               text4        000000
__Htext40                              text40       000000
__Htext41                              text41       000000
__Htext42                              text42       000000
__Htext43                              text43       000000
__Htext44                              text44       000000
__Htext45                              text45       000000
__Htext46                              text46       000000
__Htext47                              text47       000000
__Htext48                              text48       000000
__Htext5                               text5        000000
__Htext6                               text6        000000
__Htext7                               text7        000000
__Htext8                               text8        000000
__Htext9                               text9        000000
__LRAM                                 (abs)        000001
__Labs1                                abs1         000000
__Lbank0                               bank0        000000
__Lbank1                               bank1        000000
__Lbank10                              bank10       000000
__Lbank11                              bank11       000000
__Lbank12                              bank12       000000
__Lbank2                               bank2        000000
__Lbank3                               bank3        000000
__Lbank4                               bank4        000000
__Lbank5                               bank5        000000
__Lbank6                               bank6        000000
__Lbank7                               bank7        000000
__Lbank8                               bank8        000000
__Lbank9                               bank9        000000
__Lbigbss                              bigbss       000000
__Lbigdata                             bigdata      000000
__Lbigram                              bigram       000000
__Lbss                                 bss          000000
__LbssBANK0                            bssBANK0     000000
__LbssCOMRAM                           bssCOMRAM    000000
__Lcinit                               cinit        000000
__Lclrtext                             clrtext      000000
__Lcomram                              comram       000000
__Lconfig                              config       300000
__Lconst                               const        000000
__LcstackBANK0                         cstackBANK0  000000
__LcstackCOMRAM                        cstackCOMRAM 000000
__Ldata                                data         000000
__LdataBANK1                           dataBANK1    000000
__LdataCOMRAM                          dataCOMRAM   000000
__Leeprom_data                         eeprom_data  000000
__Lend_init                            end_init     0000A2
__Lfarbss                              farbss       000000
__Lfardata                             fardata      000000
__Libigdata                            ibigdata     000000
__Lidata                               idata        000000
__LidataBANK1                          idataBANK1   000000
__LidataCOMRAM                         idataCOMRAM  000000
__Lidloc                               idloc        200000
__Lifardata                            ifardata     000000
__Linit                                init         0000A2
__Lintcode                             intcode      000008
__Lintcode_body                        intcode_body 000000
__Lintcodelo                           intcodelo    000018
__Lintentry                            intentry     000000
__Lintret                              intret       000000
__Lintsave_regs                        intsave_regs 000000
__Lirdata                              irdata       000000
__Lmediumconst                         mediumconst  000000
__LnvFARRAM                            nvFARRAM     000000
__Lnvbit                               nvbit        000000
__Lnvrram                              nvrram       000000
__Lparam                               rparam       000000
__Lpowerup                             powerup      0000A2
__Lram                                 ram          000000
__Lramtop                              ramtop       000D00
__Lrbit                                rbit         000000
__Lrbss                                rbss         000000
__Lrdata                               rdata        000000
__Lreset_vec                           reset_vec    000000
__Lrparam                              rparam       000000
__Lsfr                                 sfr          000000
__Lsmallconst                          smallconst   000D00
__Lstruct                              struct       000000
__Ltemp                                temp         000000
__Ltext                                text         000000
__Ltext0                               text0        000000
__Ltext1                               text1        000000
__Ltext10                              text10       000000
__Ltext11                              text11       000000
__Ltext12                              text12       000000
__Ltext13                              text13       000000
__Ltext14                              text14       000000
__Ltext15                              text15       000000
__Ltext16                              text16       000000
__Ltext17                              text17       000000
__Ltext18                              text18       000000
__Ltext19                              text19       000000
__Ltext2                               text2        000000
__Ltext20                              text20       000000
__Ltext21                              text21       000000
__Ltext22                              text22       000000
__Ltext23                              text23       000000
__Ltext24                              text24       000000
__Ltext25                              text25       000000
__Ltext26                              text26       000000
__Ltext27                              text27       000000
__Ltext28                              text28       000000
__Ltext29                              text29       000000
__Ltext3                               text3        000000
__Ltext30                              text30       000000
__Ltext31                              text31       000000
__Ltext32                              text32       000000
__Ltext33                              text33       000000
__Ltext34                              text34       000000
__Ltext35                              text35       000000
__Ltext36                              text36       000000
__Ltext37                              text37       000000
__Ltext38                              text38       000000
__Ltext39                              text39       000000
__Ltext4                               text4        000000
__Ltext40                              text40       000000
__Ltext41                              text41       000000
__Ltext42                              text42       000000
__Ltext43                              text43       000000
__Ltext44                              text44       000000
__Ltext45                              text45       000000
__Ltext46                              text46       000000
__Ltext47                              text47       000000
__Ltext48                              text48       000000
__Ltext5                               text5        000000
__Ltext6                               text6        000000
__Ltext7                               text7        000000
__Ltext8                               text8        000000
__Ltext9                               text9        000000
__RegsToCANID                          text37       001C4C
__RegsToCANID@Value                    cstackCOMRAM 000027
__RegsToCANID@ptr                      cstackCOMRAM 000020
__RegsToCANID@type                     cstackCOMRAM 000024
__RegsToCANID@val                      cstackCOMRAM 000022
__S0                                   (abs)        30000E
__S1                                   (abs)        0001AD
___lwdiv                               text40       002B10
___lwdiv@counter                       cstackCOMRAM 000025
___lwdiv@dividend                      cstackCOMRAM 000020
___lwdiv@divisor                       cstackCOMRAM 000022
___lwdiv@quotient                      cstackCOMRAM 000026
___lwmod                               text39       002C50
___lwmod@counter                       cstackCOMRAM 00002D
___lwmod@dividend                      cstackCOMRAM 000028
___lwmod@divisor                       cstackCOMRAM 00002A
__accesstop                            (abs)        000060
__activetblptr                         (abs)        000002
__end_of_ButtonBeingPressed            text20       002C0A
__end_of_CalculateFutureTime           text32       0016C8
__end_of_CanCommsTask                  text31       00148A
__end_of_ColourA                       text13       002D1A
__end_of_ColourB                       text12       002CD8
__end_of_ColourMix                     text8        00266A
__end_of_ColourNone                    text14       002D5C
__end_of_ConfigureHardware             text1        002C50
__end_of_CustomerBeingServed           text25       002F0E
__end_of_CustomerWating                text26       002F20
__end_of_DataCommsTask                 text22       002F56
__end_of_DimmedColourA                 text10       0027C2
__end_of_ECANInitialize                text43       00245A
__end_of_ECANReceiveMessage            text36       001110
__end_of_ECANSendMessage               text33       001C4C
__end_of_ECANSetOperationMode          text44       002EFC
__end_of_EndChar                       smallconst   000D0B
__end_of_GetColour                     text7        001F1E
__end_of_GetHeadOfQueue                text28       002F5A
__end_of_GetKeyInputTimer              text21       002E7E
__end_of_GetKeyState                   text27       002ED2
__end_of_GetKeyTimer                   text17       002E60
__end_of_GetSequence                   text15       0029F2
__end_of_GetSequenceState              text16       002E42
__end_of_GetSerialChar                 text29       002E9C
__end_of_ISR                           intcode_body 002A5A
__end_of_IlluminateButton              text6        002906
__end_of_Increment_Timer               text45       002980
__end_of_InitKeys                      text47       0018E0
__end_of_InitTime                      text48       002EE8
__end_of_InputTask                     text18       002E06
__end_of_KeyCount                      smallconst   000D0C
__end_of_LowPriorityISR                intcodelo    0000A2
__end_of_MaturedTimer                  text35       002396
__end_of_MonitorButton                 text19       002510
__end_of_NoRead                        smallconst   000D0D
__end_of_OpenTimer0                    text3        002E24
__end_of_OpenUSART                     text2        002AB6
__end_of_OutputTask                    text5        002DD2
__end_of_RapidFlashColourB             text9        002716
__end_of_ReadUSART                     text30       002EBA
__end_of_RedGreenFlash                 text11       00286E
__end_of_SequenceReset                 smallconst   000D0E
__end_of_SetKeyState                   text24       0021CC
__end_of_StartChar                     smallconst   000D0F
__end_of_TaskManager                   text4        002D9A
__end_of_TimersCount                   smallconst   000D10
__end_of_UartCommsTask                 text23       0022C2
__end_of_WriteTimer0                   text46       002F32
__end_of_WriteUSART                    text42       002F42
__end_of__CANIDToRegs                  text34       00207C
__end_of__RegsToCANID                  text37       001DC0
__end_of___lwdiv                       text40       002B66
__end_of___lwmod                       text39       002C96
__end_of__initialization               cinit        002B06
__end_of__stringdata                   smallconst   000D4D
__end_of_c_NoHrInDay                   smallconst   000D11
__end_of_c_NoMsecInSec                 smallconst   000D12
__end_of_c_NoSecInMinOrMinInHr         smallconst   000D13
__end_of_dpowers                       smallconst   000D0A
__end_of_main                          text0        002F4C
__end_of_putsUSART                     text41       002BBC
__end_of_sprintf                       text38       001AAC
__initialization                       cinit        002AB6
__mediumconst                          mediumconst  000000
__pbssBANK0                            bssBANK0     000060
__pbssCOMRAM                           bssCOMRAM    000032
__pcinit                               cinit        002AB6
__pcstackBANK0                         cstackBANK0  0000C7
__pcstackCOMRAM                        cstackCOMRAM 000001
__pdataBANK1                           dataBANK1    000100
__pdataCOMRAM                          dataCOMRAM   00003F
__pidataBANK1                          idataBANK1   002510
__pidataCOMRAM                         idataCOMRAM  002F5A
__pintcode                             intcode      000008
__pintcode_body                        intcode_body 0029F2
__pintcodelo                           intcodelo    000018
__psmallconst                          smallconst   000D00
__ptext0                               text0        002F42
__ptext1                               text1        002C0A
__ptext10                              text10       002716
__ptext11                              text11       0027C2
__ptext12                              text12       002C96
__ptext13                              text13       002CD8
__ptext14                              text14       002D1A
__ptext15                              text15       002980
__ptext16                              text16       002E24
__ptext17                              text17       002E42
__ptext18                              text18       002DD2
__ptext19                              text19       00245A
__ptext2                               text2        002A5A
__ptext20                              text20       002BBC
__ptext21                              text21       002E60
__ptext22                              text22       002F4C
__ptext23                              text23       0021CC
__ptext24                              text24       00207C
__ptext25                              text25       002EFC
__ptext26                              text26       002F0E
__ptext27                              text27       002EBA
__ptext28                              text28       002F56
__ptext29                              text29       002E7E
__ptext3                               text3        002E06
__ptext30                              text30       002E9C
__ptext31                              text31       001110
__ptext32                              text32       00148A
__ptext33                              text33       001AAC
__ptext34                              text34       001F1E
__ptext35                              text35       0022C2
__ptext36                              text36       000D4E
__ptext37                              text37       001C4C
__ptext38                              text38       0018E0
__ptext39                              text39       002C50
__ptext4                               text4        002D5C
__ptext40                              text40       002B10
__ptext41                              text41       002B66
__ptext42                              text42       002F32
__ptext43                              text43       002396
__ptext44                              text44       002EE8
__ptext45                              text45       002906
__ptext46                              text46       002F20
__ptext47                              text47       0016C8
__ptext48                              text48       002ED2
__ptext5                               text5        002D9A
__ptext6                               text6        00286E
__ptext7                               text7        001DC0
__ptext8                               text8        0025BE
__ptext9                               text9        00266A
__ramtop                               ramtop       000D00
__size_of_ButtonBeingPressed           (abs)        000000
__size_of_CalculateFutureTime          (abs)        000000
__size_of_CanCommsTask                 (abs)        000000
__size_of_ColourA                      (abs)        000000
__size_of_ColourB                      (abs)        000000
__size_of_ColourMix                    (abs)        000000
__size_of_ColourNone                   (abs)        000000
__size_of_ConfigureHardware            (abs)        000000
__size_of_CustomerBeingServed          (abs)        000000
__size_of_CustomerWating               (abs)        000000
__size_of_DataCommsTask                (abs)        000000
__size_of_DimmedColourA                (abs)        000000
__size_of_ECANInitialize               (abs)        000000
__size_of_ECANReceiveMessage           (abs)        000000
__size_of_ECANSendMessage              (abs)        000000
__size_of_ECANSetOperationMode         (abs)        000000
__size_of_GetColour                    (abs)        000000
__size_of_GetHeadOfQueue               (abs)        000000
__size_of_GetKeyInputTimer             (abs)        000000
__size_of_GetKeyState                  (abs)        000000
__size_of_GetKeyTimer                  (abs)        000000
__size_of_GetSequence                  (abs)        000000
__size_of_GetSequenceState             (abs)        000000
__size_of_GetSerialChar                (abs)        000000
__size_of_ISR                          (abs)        000000
__size_of_IlluminateButton             (abs)        000000
__size_of_Increment_Timer              (abs)        000000
__size_of_InitKeys                     (abs)        000000
__size_of_InitTime                     (abs)        000000
__size_of_InputTask                    (abs)        000000
__size_of_LowPriorityISR               (abs)        000000
__size_of_MaturedTimer                 (abs)        000000
__size_of_MonitorButton                (abs)        000000
__size_of_OpenTimer0                   (abs)        000000
__size_of_OpenUSART                    (abs)        000000
__size_of_OutputTask                   (abs)        000000
__size_of_RapidFlashColourB            (abs)        000000
__size_of_ReadUSART                    (abs)        000000
__size_of_RedGreenFlash                (abs)        000000
__size_of_SetKeyState                  (abs)        000000
__size_of_TaskManager                  (abs)        000000
__size_of_UartCommsTask                (abs)        000000
__size_of_WriteTimer0                  (abs)        000000
__size_of_WriteUSART                   (abs)        000000
__size_of__CANIDToRegs                 (abs)        000000
__size_of__RegsToCANID                 (abs)        000000
__size_of___lwdiv                      (abs)        000000
__size_of___lwmod                      (abs)        000000
__size_of_main                         (abs)        000000
__size_of_putsUSART                    (abs)        000000
__size_of_sprintf                      (abs)        000000
__smallconst                           smallconst   000D00
__stringdata                           smallconst   000D13
_c_CanCommandOff                       dataBANK1    000131
_c_CanCommandOn                        dataBANK1    000145
_c_CanMessageSentOff                   dataBANK1    000100
_c_CanMessageSentOn                    dataBANK1    000119
_c_CustomerBeingServed                 dataBANK1    00017F
_c_CustomerWating                      dataBANK1    000199
_c_NoHrInDay                           smallconst   000D10
_c_NoMsecInSec                         smallconst   000D11
_c_NoSecInMinOrMinInHr                 smallconst   000D12
_data                                  bssBANK0     0000BD
_dataLen                               bssBANK0     0000C5
_dpowers                               smallconst   000D00
_flags                                 bssBANK0     0000C6
_id                                    bssBANK0     0000C1
_m_CurrentTime                         bssCOMRAM    000032
_m_DataWriteTimer                      bssBANK0     0000B8
_m_HalfSeconds                         bssCOMRAM    000037
_m_HeadOfQueue                         bssCOMRAM    00003D
_m_Keys                                bssBANK0     000063
_m_Ticks                               bssCOMRAM    00003E
_m_Toggle                              bssBANK0     000062
_main                                  text0        002F42
_putsUSART                             text41       002B66
_sprintf                               text38       0018E0
end_of_initialization                  cinit        002B06
int_func                               intcode_body 0029F2
intlevel0                              text         000000
intlevel1                              text         000000
intlevel2                              text         000000
intlevel3                              text         000000
putsUSART@data                         cstackCOMRAM 000021
sprintf@_val                           cstackBANK0  0000D1
sprintf@ap                             cstackBANK0  0000CD
sprintf@c                              cstackBANK0  0000D6
sprintf@f                              cstackBANK0  0000C9
sprintf@flag                           cstackBANK0  0000CF
sprintf@prec                           cstackBANK0  0000D0
sprintf@sp                             cstackBANK0  0000C7
start                                  init         0000A2
start_initialization                   cinit        002AB6


FUNCTION INFORMATION:

 *************** function _main *****************
 Defined at:
		line 17 in file "source/Main.c"
 Parameters:    Size  Location     Type
		None
 Auto vars:     Size  Location     Type
		None
 Return value:  Size  Location     Type
		None               void
 Registers used:
		wreg, fsr0l, fsr0h, fsr1l, fsr1h, fsr1l, fsr1h, fsr2l, fsr2h, status,2, status,0, pclat, btemp, btemp+1, btemp+2, btemp+3, btemp+4, btemp+5, btemp+6, btemp+7, tosl, structret, tblptrl, tblptrh, tblptru, prodl, prodh, bsr, cstack
 Tracked objects:
		On entry : 
		On exit  : 
		Unchanged: 
 Data sizes:     COMRAM   BANK0   BANK1   BANK2   BANK3   BANK4   BANK5   BANK6   BANK7   BANK8   BANK9  BANK10  BANK11  BANK12
      Params:         0       0       0       0       0       0       0       0       0       0       0       0       0       0
      Locals:         0       0       0       0       0       0       0       0       0       0       0       0       0       0
      Temps:          0       0       0       0       0       0       0       0       0       0       0       0       0       0
      Totals:         0       0       0       0       0       0       0       0       0       0       0       0       0       0
Total ram usage:        0 bytes
 Hardware stack levels required when called:    9
 This function calls:
		_TaskManager
		_ConfigureHardware
 This function is called by:
		Startup code after reset
 This function uses a non-reentrant model


 *************** function _ConfigureHardware *****************
 Defined at:
		line 35 in file "source/SystemSetup.c"
 Parameters:    Size  Location     Type
		None
 Auto vars:     Size  Location     Type
		None
 Return value:  Size  Location     Type
		None               void
 Registers used:
		wreg, fsr0l, fsr0h, fsr1l, fsr1h, fsr1l, fsr1h, fsr2l, fsr2h, status,2, status,0, pclat, btemp, btemp+1, btemp+2, btemp+3, btemp+4, btemp+5, btemp+6, btemp+7, tosl, structret, tblptrl, tblptrh, tblptru, prodl, prodh, bsr, cstack
 Tracked objects:
		On entry : 
		On exit  : 
		Unchanged: 
 Data sizes:     COMRAM   BANK0   BANK1   BANK2   BANK3   BANK4   BANK5   BANK6   BANK7   BANK8   BANK9  BANK10  BANK11  BANK12
      Params:         0       0       0       0       0       0       0       0       0       0       0       0       0       0
      Locals:         0       0       0       0       0       0       0       0       0       0       0       0       0       0
      Temps:          1       0       0       0       0       0       0       0       0       0       0       0       0       0
      Totals:         1       0       0       0       0       0       0       0       0       0       0       0       0       0
Total ram usage:        1 bytes
 Hardware stack levels used:    1
 Hardware stack levels required when called:    3
 This function calls:
		_OpenTimer0
		_OpenUSART
 This function is called by:
		_main
 This function uses a non-reentrant model


 *************** function _OpenUSART *****************
 Defined at:
		line 74 in file "C:\Program Files\Microchip\xc8\v1.20\sources\pic18\plib\USART\uopen.c"
 Parameters:    Size  Location     Type
  config          1   31[COMRAM] unsigned char 
  spbrg           2   32[COMRAM] unsigned int 
 Auto vars:     Size  Location     Type
		None
 Return value:  Size  Location     Type
		None               void
 Registers used:
		wreg, status,2
 Tracked objects:
		On entry : 
		On exit  : 
		Unchanged: 
 Data sizes:     COMRAM   BANK0   BANK1   BANK2   BANK3   BANK4   BANK5   BANK6   BANK7   BANK8   BANK9  BANK10  BANK11  BANK12
      Params:         3       0       0       0       0       0       0       0       0       0       0       0       0       0
      Locals:         0       0       0       0       0       0       0       0       0       0       0       0       0       0
      Temps:          0       0       0       0       0       0       0       0       0       0       0       0       0       0
      Totals:         3       0       0       0       0       0       0       0       0       0       0       0       0       0
Total ram usage:        3 bytes
 Hardware stack levels used:    1
 Hardware stack levels required when called:    2
 This function calls:
		Nothing
 This function is called by:
		_ConfigureHardware
 This function uses a non-reentrant model


 *************** function _OpenTimer0 *****************
 Defined at:
		line 19 in file "C:\Program Files\Microchip\xc8\v1.20\sources\pic18\plib\Timers\t0open.c"
 Parameters:    Size  Location     Type
  config          1   31[COMRAM] unsigned char 
 Auto vars:     Size  Location     Type
		None
 Return value:  Size  Location     Type
		None               void
 Registers used:
		wreg, status,2, status,0
 Tracked objects:
		On entry : 
		On exit  : 
		Unchanged: 
 Data sizes:     COMRAM   BANK0   BANK1   BANK2   BANK3   BANK4   BANK5   BANK6   BANK7   BANK8   BANK9  BANK10  BANK11  BANK12
      Params:         1       0       0       0       0       0       0       0       0       0       0       0       0       0
      Locals:         0       0       0       0       0       0       0       0       0       0       0       0       0       0
      Temps:          0       0       0       0       0       0       0       0       0       0       0       0       0       0
      Totals:         1       0       0       0       0       0       0       0       0       0       0       0       0       0
Total ram usage:        1 bytes
 Hardware stack levels used:    1
 Hardware stack levels required when called:    2
 This function calls:
		Nothing
 This function is called by:
		_ConfigureHardware
 This function uses a non-reentrant model


 *************** function _TaskManager *****************
 Defined at:
		line 17 in file "source/TaskManager.c"
 Parameters:    Size  Location     Type
		None
 Auto vars:     Size  Location     Type
		None
 Return value:  Size  Location     Type
		None               void
 Registers used:
		wreg, fsr0l, fsr0h, fsr1l, fsr1h, fsr1l, fsr1h, fsr2l, fsr2h, status,2, status,0, pclat, btemp, btemp+1, btemp+2, btemp+3, btemp+4, btemp+5, btemp+6, btemp+7, tosl, structret, tblptrl, tblptrh, tblptru, prodl, prodh, bsr, cstack
 Tracked objects:
		On entry : 
		On exit  : 
		Unchanged: 
 Data sizes:     COMRAM   BANK0   BANK1   BANK2   BANK3   BANK4   BANK5   BANK6   BANK7   BANK8   BANK9  BANK10  BANK11  BANK12
      Params:         0       0       0       0       0       0       0       0       0       0       0       0       0       0
      Locals:         0       0       0       0       0       0       0       0       0       0       0       0       0       0
      Temps:          0       1       0       0       0       0       0       0       0       0       0       0       0       0
      Totals:         0       1       0       0       0       0       0       0       0       0       0       0       0       0
Total ram usage:        1 bytes
 Hardware stack levels used:    1
 Hardware stack levels required when called:    8
 This function calls:
		_InitTime
		_InitKeys
		_Increment_Timer
		_DataCommsTask
		_InputTask
		_OutputTask
 This function is called by:
		_main
 This function uses a non-reentrant model


 *************** function _OutputTask *****************
 Defined at:
		line 16 in file "source/OutputTask.c"
 Parameters:    Size  Location     Type
		None
 Auto vars:     Size  Location     Type
  i               1   17[BANK0 ] unsigned char 
 Return value:  Size  Location     Type
		None               void
 Registers used:
		wreg, fsr0l, fsr0h, fsr1l, fsr1h, fsr1l, fsr1h, fsr2l, fsr2h, status,2, status,0, pclat, btemp, btemp+1, btemp+2, btemp+3, btemp+4, btemp+5, btemp+6, btemp+7, tosl, structret, tblptrl, tblptrh, tblptru, prodl, prodh, bsr, cstack
 Tracked objects:
		On entry : 
		On exit  : 
		Unchanged: 
 Data sizes:     COMRAM   BANK0   BANK1   BANK2   BANK3   BANK4   BANK5   BANK6   BANK7   BANK8   BANK9  BANK10  BANK11  BANK12
      Params:         0       0       0       0       0       0       0       0       0       0       0       0       0       0
      Locals:         0       1       0       0       0       0       0       0       0       0       0       0       0       0
      Temps:          0       1       0       0       0       0       0       0       0       0       0       0       0       0
      Totals:         0       2       0       0       0       0       0       0       0       0       0       0       0       0
Total ram usage:        2 bytes
 Hardware stack levels used:    1
 Hardware stack levels required when called:    6
 This function calls:
		_IlluminateButton
 This function is called by:
		_TaskManager
 This function uses a non-reentrant model


 *************** function _IlluminateButton *****************
 Defined at:
		line 24 in file "source/OutputTask.c"
 Parameters:    Size  Location     Type
  theId           1   10[BANK0 ] unsigned char 
 Auto vars:     Size  Location     Type
  Sequence        1   15[BANK0 ] volatile enum E196
  SequenceStat    2   13[BANK0 ] PTR volatile unsigned ch
		 -> m_Keys(85), 
  KeyTimer        2   11[BANK0 ] PTR volatile struct ATim
		 -> m_Keys(85), 
 Return value:  Size  Location     Type
		None               void
 Registers used:
		wreg, fsr2l, fsr2h, status,2, status,0, tblptrl, tblptrh, tblptru, prodl, prodh, cstack
 Tracked objects:
		On entry : 
		On exit  : 
		Unchanged: 
 Data sizes:     COMRAM   BANK0   BANK1   BANK2   BANK3   BANK4   BANK5   BANK6   BANK7   BANK8   BANK9  BANK10  BANK11  BANK12
      Params:         0       1       0       0       0       0       0       0       0       0       0       0       0       0
      Locals:         0       5       0       0       0       0       0       0       0       0       0       0       0       0
      Temps:          0       0       0       0       0       0       0       0       0       0       0       0       0       0
      Totals:         0       6       0       0       0       0       0       0       0       0       0       0       0       0
Total ram usage:        6 bytes
 Hardware stack levels used:    1
 Hardware stack levels required when called:    5
 This function calls:
		_MaturedTimer
		_GetKeyTimer
		_GetSequenceState
		_GetSequence
		_ColourNone
		_ColourA
		_ColourB
		_GetColour
 This function is called by:
		_OutputTask
 This function uses a non-reentrant model


 *************** function _GetColour *****************
 Defined at:
		line 12 in file "source/OutputSequences.c"
 Parameters:    Size  Location     Type
  theSequences    1    1[BANK0 ] enum E180
  theState        2    2[BANK0 ] PTR volatile unsigned ch
		 -> m_Keys(85), 
  theTimer        2    4[BANK0 ] PTR volatile struct ATim
		 -> m_Keys(85), 
 Auto vars:     Size  Location     Type
  ReturnColour    1    9[BANK0 ] enum E174
 Return value:  Size  Location     Type
                  1    wreg      enum E190
 Registers used:
		wreg, fsr2l, fsr2h, status,2, status,0, tblptrl, tblptrh, tblptru, cstack
 Tracked objects:
		On entry : 
		On exit  : 
		Unchanged: 
 Data sizes:     COMRAM   BANK0   BANK1   BANK2   BANK3   BANK4   BANK5   BANK6   BANK7   BANK8   BANK9  BANK10  BANK11  BANK12
      Params:         0       5       0       0       0       0       0       0       0       0       0       0       0       0
      Locals:         0       1       0       0       0       0       0       0       0       0       0       0       0       0
      Temps:          0       3       0       0       0       0       0       0       0       0       0       0       0       0
      Totals:         0       9       0       0       0       0       0       0       0       0       0       0       0       0
Total ram usage:        9 bytes
 Hardware stack levels used:    1
 Hardware stack levels required when called:    4
 This function calls:
		_CalculateFutureTime
		_RedGreenFlash
		_DimmedColourA
		_RapidFlashColourB
		_ColourMix
 This function is called by:
		_IlluminateButton
 This function uses a non-reentrant model


 *************** function _ColourMix *****************
 Defined at:
		line 118 in file "source/OutputSequences.c"
 Parameters:    Size  Location     Type
  theState        2   42[COMRAM] PTR volatile unsigned ch
		 -> m_Keys(85), 
  theTimer        2   44[COMRAM] PTR volatile struct ATim
		 -> m_Keys(85), 
 Auto vars:     Size  Location     Type
  ReturnColour    1    0[BANK0 ] enum E174
 Return value:  Size  Location     Type
                  1    wreg      enum E174
 Registers used:
		wreg, fsr2l, fsr2h, status,2, status,0, tblptrl, tblptrh, tblptru, cstack
 Tracked objects:
		On entry : 
		On exit  : 
		Unchanged: 
 Data sizes:     COMRAM   BANK0   BANK1   BANK2   BANK3   BANK4   BANK5   BANK6   BANK7   BANK8   BANK9  BANK10  BANK11  BANK12
      Params:         4       0       0       0       0       0       0       0       0       0       0       0       0       0
      Locals:         0       1       0       0       0       0       0       0       0       0       0       0       0       0
      Temps:          3       0       0       0       0       0       0       0       0       0       0       0       0       0
      Totals:         7       1       0       0       0       0       0       0       0       0       0       0       0       0
Total ram usage:        8 bytes
 Hardware stack levels used:    1
 Hardware stack levels required when called:    3
 This function calls:
		_CalculateFutureTime
 This function is called by:
		_GetColour
 This function uses a non-reentrant model


 *************** function _RapidFlashColourB *****************
 Defined at:
		line 97 in file "source/OutputSequences.c"
 Parameters:    Size  Location     Type
  theState        2   42[COMRAM] PTR volatile unsigned ch
		 -> m_Keys(85), 
  theTimer        2   44[COMRAM] PTR volatile struct ATim
		 -> m_Keys(85), 
 Auto vars:     Size  Location     Type
  ReturnColour    1    0[BANK0 ] enum E174
 Return value:  Size  Location     Type
                  1    wreg      enum E174
 Registers used:
		wreg, fsr2l, fsr2h, status,2, status,0, tblptrl, tblptrh, tblptru, cstack
 Tracked objects:
		On entry : 
		On exit  : 
		Unchanged: 
 Data sizes:     COMRAM   BANK0   BANK1   BANK2   BANK3   BANK4   BANK5   BANK6   BANK7   BANK8   BANK9  BANK10  BANK11  BANK12
      Params:         4       0       0       0       0       0       0       0       0       0       0       0       0       0
      Locals:         0       1       0       0       0       0       0       0       0       0       0       0       0       0
      Temps:          3       0       0       0       0       0       0       0       0       0       0       0       0       0
      Totals:         7       1       0       0       0       0       0       0       0       0       0       0       0       0
Total ram usage:        8 bytes
 Hardware stack levels used:    1
 Hardware stack levels required when called:    3
 This function calls:
		_CalculateFutureTime
 This function is called by:
		_GetColour
 This function uses a non-reentrant model


 *************** function _DimmedColourA *****************
 Defined at:
		line 75 in file "source/OutputSequences.c"
 Parameters:    Size  Location     Type
  theState        2   42[COMRAM] PTR volatile unsigned ch
		 -> m_Keys(85), 
  theTimer        2   44[COMRAM] PTR volatile struct ATim
		 -> m_Keys(85), 
 Auto vars:     Size  Location     Type
  ReturnColour    1    0[BANK0 ] enum E174
 Return value:  Size  Location     Type
                  1    wreg      enum E174
 Registers used:
		wreg, fsr2l, fsr2h, status,2, status,0, tblptrl, tblptrh, tblptru, cstack
 Tracked objects:
		On entry : 
		On exit  : 
		Unchanged: 
 Data sizes:     COMRAM   BANK0   BANK1   BANK2   BANK3   BANK4   BANK5   BANK6   BANK7   BANK8   BANK9  BANK10  BANK11  BANK12
      Params:         4       0       0       0       0       0       0       0       0       0       0       0       0       0
      Locals:         0       1       0       0       0       0       0       0       0       0       0       0       0       0
      Temps:          3       0       0       0       0       0       0       0       0       0       0       0       0       0
      Totals:         7       1       0       0       0       0       0       0       0       0       0       0       0       0
Total ram usage:        8 bytes
 Hardware stack levels used:    1
 Hardware stack levels required when called:    3
 This function calls:
		_CalculateFutureTime
 This function is called by:
		_GetColour
 This function uses a non-reentrant model


 *************** function _RedGreenFlash *****************
 Defined at:
		line 53 in file "source/OutputSequences.c"
 Parameters:    Size  Location     Type
  theState        2   42[COMRAM] PTR volatile unsigned ch
		 -> m_Keys(85), 
  theTimer        2   44[COMRAM] PTR volatile struct ATim
		 -> m_Keys(85), 
 Auto vars:     Size  Location     Type
  ReturnColour    1    0[BANK0 ] enum E174
 Return value:  Size  Location     Type
                  1    wreg      enum E174
 Registers used:
		wreg, fsr2l, fsr2h, status,2, status,0, tblptrl, tblptrh, tblptru, cstack
 Tracked objects:
		On entry : 
		On exit  : 
		Unchanged: 
 Data sizes:     COMRAM   BANK0   BANK1   BANK2   BANK3   BANK4   BANK5   BANK6   BANK7   BANK8   BANK9  BANK10  BANK11  BANK12
      Params:         4       0       0       0       0       0       0       0       0       0       0       0       0       0
      Locals:         0       1       0       0       0       0       0       0       0       0       0       0       0       0
      Temps:          3       0       0       0       0       0       0       0       0       0       0       0       0       0
      Totals:         7       1       0       0       0       0       0       0       0       0       0       0       0       0
Total ram usage:        8 bytes
 Hardware stack levels used:    1
 Hardware stack levels required when called:    3
 This function calls:
		_CalculateFutureTime
 This function is called by:
		_GetColour
 This function uses a non-reentrant model


 *************** function _ColourB *****************
 Defined at:
		line 99 in file "source/OutputTask.c"
 Parameters:    Size  Location     Type
  theId           1   31[COMRAM] unsigned char 
 Auto vars:     Size  Location     Type
		None
 Return value:  Size  Location     Type
		None               void
 Registers used:
		wreg, status,2, status,0
 Tracked objects:
		On entry : 
		On exit  : 
		Unchanged: 
 Data sizes:     COMRAM   BANK0   BANK1   BANK2   BANK3   BANK4   BANK5   BANK6   BANK7   BANK8   BANK9  BANK10  BANK11  BANK12
      Params:         1       0       0       0       0       0       0       0       0       0       0       0       0       0
      Locals:         0       0       0       0       0       0       0       0       0       0       0       0       0       0
[...]
		On exit  : 
		Unchanged: 
 Data sizes:     COMRAM   BANK0   BANK1   BANK2   BANK3   BANK4   BANK5   BANK6   BANK7   BANK8   BANK9  BANK10  BANK11  BANK12
      Params:         4       0       0       0       0       0       0       0       0       0       0       0       0       0
      Locals:         3       0       0       0       0       0       0       0       0       0       0       0       0       0
      Temps:          1       0       0       0       0       0       0       0       0       0       0       0       0       0
      Totals:         8       0       0       0       0       0       0       0       0       0       0       0       0       0
Total ram usage:        8 bytes
 Hardware stack levels used:    1
 Hardware stack levels required when called:    2
 This function calls:
		Nothing
 This function is called by:
		_sprintf
 This function uses a non-reentrant model


 *************** function _putsUSART *****************
 Defined at:
		line 15 in file "C:\Program Files\Microchip\xc8\v1.20\sources\pic18\plib\USART\uputs.c"
 Parameters:    Size  Location     Type
  data            2   32[COMRAM] PTR unsigned char 
		 -> STR_49(3), STR_48(14), STR_47(8), ECANReceiveMessage@str_1913(5), 
		 -> STR_45(7), STR_44(3), STR_43(14), STR_42(8), 
		 -> STR_41(7), STR_40(3), STR_39(14), STR_38(8), 
		 -> ECANReceiveMessage@str(5), STR_36(7), STR_35(3), STR_34(14), 
		 -> STR_33(8), STR_32(7), STR_31(3), STR_30(14), 
		 -> STR_29(8), STR_28(7), STR_27(3), STR_26(14), 
		 -> STR_25(8), STR_24(7), c_CustomerBeingServed(26), c_CustomerWating(20), 
		 -> InitText(39), STR_23(3), STR_22(23), STR_21(8), 
		 -> STR_19(7), STR_18(3), STR_17(23), STR_16(8), 
		 -> CanCommsTask@str_333(5), STR_14(7), STR_13(3), STR_12(23), 
		 -> STR_11(8), CanCommsTask@str(5), STR_9(7), STR_8(3), 
		 -> STR_7(23), STR_6(8), STR_5(7), STR_4(3), 
		 -> STR_3(23), STR_2(8), RAM(3327), STR_1(7), 
 Auto vars:     Size  Location     Type
		None
 Return value:  Size  Location     Type
		None               void
 Registers used:
		wreg, fsr0l, fsr0h, status,2, status,0, tblptrl, tblptrh, tblptru, cstack
 Tracked objects:
		On entry : 
		On exit  : 
		Unchanged: 
 Data sizes:     COMRAM   BANK0   BANK1   BANK2   BANK3   BANK4   BANK5   BANK6   BANK7   BANK8   BANK9  BANK10  BANK11  BANK12
      Params:         2       0       0       0       0       0       0       0       0       0       0       0       0       0
      Locals:         0       0       0       0       0       0       0       0       0       0       0       0       0       0
      Temps:          2       0       0       0       0       0       0       0       0       0       0       0       0       0
      Totals:         4       0       0       0       0       0       0       0       0       0       0       0       0       0
Total ram usage:        4 bytes
 Hardware stack levels used:    1
 Hardware stack levels required when called:    3
 This function calls:
		_WriteUSART
 This function is called by:
		_CanCommsTask
		_UartCommsTask
		_CustomerWating
		_CustomerBeingServed
		_ECANReceiveMessage
 This function uses a non-reentrant model


 *************** function _WriteUSART *****************
 Defined at:
		line 14 in file "C:\Program Files\Microchip\xc8\v1.20\sources\pic18\plib\USART\uwrite.c"
 Parameters:    Size  Location     Type
  data            1   31[COMRAM] unsigned char 
 Auto vars:     Size  Location     Type
		None
 Return value:  Size  Location     Type
		None               void
 Registers used:
		None
 Tracked objects:
		On entry : 
		On exit  : 
		Unchanged: 
 Data sizes:     COMRAM   BANK0   BANK1   BANK2   BANK3   BANK4   BANK5   BANK6   BANK7   BANK8   BANK9  BANK10  BANK11  BANK12
      Params:         1       0       0       0       0       0       0       0       0       0       0       0       0       0
      Locals:         0       0       0       0       0       0       0       0       0       0       0       0       0       0
      Temps:          0       0       0       0       0       0       0       0       0       0       0       0       0       0
      Totals:         1       0       0       0       0       0       0       0       0       0       0       0       0       0
Total ram usage:        1 bytes
 Hardware stack levels used:    1
 Hardware stack levels required when called:    2
 This function calls:
		Nothing
 This function is called by:
		_putsUSART
 This function uses a non-reentrant model


 *************** function _ECANInitialize *****************
 Defined at:
		line 168 in file "source/ECAN.c"
 Parameters:    Size  Location     Type
		None
 Auto vars:     Size  Location     Type
		None
 Return value:  Size  Location     Type
		None               void
 Registers used:
		wreg, status,2, status,0, cstack
 Tracked objects:
		On entry : 
		On exit  : 
		Unchanged: 
 Data sizes:     COMRAM   BANK0   BANK1   BANK2   BANK3   BANK4   BANK5   BANK6   BANK7   BANK8   BANK9  BANK10  BANK11  BANK12
      Params:         0       0       0       0       0       0       0       0       0       0       0       0       0       0
      Locals:         0       0       0       0       0       0       0       0       0       0       0       0       0       0
      Temps:          1       0       0       0       0       0       0       0       0       0       0       0       0       0
      Totals:         1       0       0       0       0       0       0       0       0       0       0       0       0       0
Total ram usage:        1 bytes
 Hardware stack levels used:    1
 Hardware stack levels required when called:    3
 This function calls:
		_ECANSetOperationMode
 This function is called by:
		_CanCommsTask
 This function uses a non-reentrant model


 *************** function _ECANSetOperationMode *****************
 Defined at:
		line 1071 in file "source/ECAN.c"
 Parameters:    Size  Location     Type
  mode            1   31[COMRAM] enum E16245
 Auto vars:     Size  Location     Type
		None
 Return value:  Size  Location     Type
		None               void
 Registers used:
		wreg, status,2, status,0
 Tracked objects:
		On entry : 
		On exit  : 
		Unchanged: 
 Data sizes:     COMRAM   BANK0   BANK1   BANK2   BANK3   BANK4   BANK5   BANK6   BANK7   BANK8   BANK9  BANK10  BANK11  BANK12
      Params:         1       0       0       0       0       0       0       0       0       0       0       0       0       0
      Locals:         0       0       0       0       0       0       0       0       0       0       0       0       0       0
      Temps:          0       0       0       0       0       0       0       0       0       0       0       0       0       0
      Totals:         1       0       0       0       0       0       0       0       0       0       0       0       0       0
Total ram usage:        1 bytes
 Hardware stack levels used:    1
 Hardware stack levels required when called:    2
 This function calls:
		Nothing
 This function is called by:
		_ECANInitialize
 This function uses a non-reentrant model


 *************** function _Increment_Timer *****************
 Defined at:
		line 52 in file "source/TimerTask.c"
 Parameters:    Size  Location     Type
		None
 Auto vars:     Size  Location     Type
		None
 Return value:  Size  Location     Type
		None               void
 Registers used:
		wreg, fsr0l, fsr0h, fsr1l, fsr1h, fsr1l, fsr1h, fsr2l, fsr2h, status,2, status,0, pclat, btemp, btemp+1, btemp+2, btemp+3, btemp+4, btemp+5, btemp+6, btemp+7, tosl, structret, tblptrl, tblptrh, tblptru, prodl, prodh, bsr, cstack
 Tracked objects:
		On entry : 
		On exit  : 
		Unchanged: 
 Data sizes:     COMRAM   BANK0   BANK1   BANK2   BANK3   BANK4   BANK5   BANK6   BANK7   BANK8   BANK9  BANK10  BANK11  BANK12
      Params:         0       0       0       0       0       0       0       0       0       0       0       0       0       0
      Locals:         0       0       0       0       0       0       0       0       0       0       0       0       0       0
      Temps:          0       0       0       0       0       0       0       0       0       0       0       0       0       0
      Totals:         0       0       0       0       0       0       0       0       0       0       0       0       0       0
Total ram usage:        0 bytes
 Hardware stack levels used:    1
 Hardware stack levels required when called:    3
 This function calls:
		_WriteTimer0
 This function is called by:
		_TaskManager
 This function uses a non-reentrant model


 *************** function _WriteTimer0 *****************
 Defined at:
		line 17 in file "C:\Program Files\Microchip\xc8\v1.20\sources\pic18\plib\Timers\t0write.c"
 Parameters:    Size  Location     Type
  timer0          2   31[COMRAM] unsigned int 
 Auto vars:     Size  Location     Type
  timer           2   33[COMRAM] struct Timers
 Return value:  Size  Location     Type
		None               void
 Registers used:
		None
 Tracked objects:
		On entry : 
		On exit  : 
		Unchanged: 
 Data sizes:     COMRAM   BANK0   BANK1   BANK2   BANK3   BANK4   BANK5   BANK6   BANK7   BANK8   BANK9  BANK10  BANK11  BANK12
      Params:         2       0       0       0       0       0       0       0       0       0       0       0       0       0
      Locals:         2       0       0       0       0       0       0       0       0       0       0       0       0       0
      Temps:          0       0       0       0       0       0       0       0       0       0       0       0       0       0
      Totals:         4       0       0       0       0       0       0       0       0       0       0       0       0       0
Total ram usage:        4 bytes
 Hardware stack levels used:    1
 Hardware stack levels required when called:    2
 This function calls:
		Nothing
 This function is called by:
		_Increment_Timer
 This function uses a non-reentrant model


 *************** function _InitKeys *****************
 Defined at:
		line 107 in file "source/Model.c"
 Parameters:    Size  Location     Type
		None
 Auto vars:     Size  Location     Type
  KeyTimer        5   31[COMRAM] volatile struct ATimeStr
 Return value:  Size  Location     Type
		None               void
 Registers used:
		wreg, fsr1l, fsr1h, fsr2l, fsr2h, status,2, status,0, tblptrl, tblptrh, tblptru
 Tracked objects:
		On entry : 
		On exit  : 
		Unchanged: 
 Data sizes:     COMRAM   BANK0   BANK1   BANK2   BANK3   BANK4   BANK5   BANK6   BANK7   BANK8   BANK9  BANK10  BANK11  BANK12
      Params:         0       0       0       0       0       0       0       0       0       0       0       0       0       0
      Locals:         5       0       0       0       0       0       0       0       0       0       0       0       0       0
      Temps:          0       0       0       0       0       0       0       0       0       0       0       0       0       0
      Totals:         5       0       0       0       0       0       0       0       0       0       0       0       0       0
Total ram usage:        5 bytes
 Hardware stack levels used:    1
 Hardware stack levels required when called:    2
 This function calls:
		Nothing
 This function is called by:
		_TaskManager
 This function uses a non-reentrant model


 *************** function _InitTime *****************
 Defined at:
		line 43 in file "source/TimerTask.c"
 Parameters:    Size  Location     Type
		None
 Auto vars:     Size  Location     Type
		None
 Return value:  Size  Location     Type
		None               void
 Registers used:
		wreg, status,2
 Tracked objects:
		On entry : 
		On exit  : 
		Unchanged: 
 Data sizes:     COMRAM   BANK0   BANK1   BANK2   BANK3   BANK4   BANK5   BANK6   BANK7   BANK8   BANK9  BANK10  BANK11  BANK12
      Params:         0       0       0       0       0       0       0       0       0       0       0       0       0       0
      Locals:         0       0       0       0       0       0       0       0       0       0       0       0       0       0
      Temps:          0       0       0       0       0       0       0       0       0       0       0       0       0       0
      Totals:         0       0       0       0       0       0       0       0       0       0       0       0       0       0
Total ram usage:        0 bytes
 Hardware stack levels used:    1
 Hardware stack levels required when called:    2
 This function calls:
		Nothing
 This function is called by:
		_TaskManager
 This function uses a non-reentrant model


 *************** function _LowPriorityISR *****************
 Defined at:
		line 196 in file "source/TimerTask.c"
 Parameters:    Size  Location     Type
		None
 Auto vars:     Size  Location     Type
		None
 Return value:  Size  Location     Type
		None               void
 Registers used:
		None
 Tracked objects:
		On entry : 
		On exit  : 
		Unchanged: 
 Data sizes:     COMRAM   BANK0   BANK1   BANK2   BANK3   BANK4   BANK5   BANK6   BANK7   BANK8   BANK9  BANK10  BANK11  BANK12
      Params:         0       0       0       0       0       0       0       0       0       0       0       0       0       0
      Locals:         0       0       0       0       0       0       0       0       0       0       0       0       0       0
      Temps:         17       0       0       0       0       0       0       0       0       0       0       0       0       0
      Totals:        17       0       0       0       0       0       0       0       0       0       0       0       0       0
Total ram usage:       17 bytes
 Hardware stack levels used:    1
 Hardware stack levels required when called:    1
 This function calls:
		Nothing
 This function is called by:
		Interrupt level 1
 This function uses a non-reentrant model


 *************** function _ISR *****************
 Defined at:
		line 214 in file "source/TimerTask.c"
 Parameters:    Size  Location     Type
		None
 Auto vars:     Size  Location     Type
		None
 Return value:  Size  Location     Type
		None               void
 Registers used:
		None
 Tracked objects:
		On entry : 
		On exit  : 
		Unchanged: 
 Data sizes:     COMRAM   BANK0   BANK1   BANK2   BANK3   BANK4   BANK5   BANK6   BANK7   BANK8   BANK9  BANK10  BANK11  BANK12
      Params:         0       0       0       0       0       0       0       0       0       0       0       0       0       0
      Locals:         0       0       0       0       0       0       0       0       0       0       0       0       0       0
      Temps:         14       0       0       0       0       0       0       0       0       0       0       0       0       0
      Totals:        14       0       0       0       0       0       0       0       0       0       0       0       0       0
Total ram usage:       14 bytes
 Hardware stack levels used:    1
 This function calls:
		Nothing
 This function is called by:
		Interrupt level 2
 This function uses a non-reentrant model



MODULE INFORMATION

Module		Function		Class		Link	Load	Size
C:\Program Files\Microchip\xc8\v1.20\sources\pic18\plib\Timers\t0write.c
		_WriteTimer0   		CODE           	2F20	0000	18

C:\Program Files\Microchip\xc8\v1.20\sources\pic18\plib\Timers\t0write.c estimated size: 18

source/Model.c
		_GetKeyTimer   		CODE           	2E42	0000	30
		_GetKeyState   		CODE           	2EBA	0000	24
		_InitKeys      		CODE           	16C8	0000	536
		_SetKeyState   		CODE           	207C	0000	336
		_GetKeyInputTim		CODE           	2E60	0000	30
		_GetSequence   		CODE           	2980	0000	114
		_GetSequenceSta		CODE           	2E24	0000	30
		_GetHeadOfQueue		CODE           	2F56	0000	4

source/Model.c estimated size: 1104

C:\Program Files\Microchip\xc8\v1.20\sources\common\doprnt.c
		_sprintf       		CODE           	18E0	0000	460

C:\Program Files\Microchip\xc8\v1.20\sources\common\doprnt.c estimated size: 460

source/OutputTask.c
		_ColourB       		CODE           	2C96	0000	66
		_ColourNone    		CODE           	2D1A	0000	66
		_ColourA       		CODE           	2CD8	0000	66
		_IlluminateButt		CODE           	286E	0000	152
		_OutputTask    		CODE           	2D9A	0000	56

source/OutputTask.c estimated size: 406

shared
		_KeyCount      		SMALLCONST     	0D0B	0000	1
		__stringdata   		SMALLCONST     	0D13	0000	58
		_dpowers       		SMALLCONST     	0D00	0000	10
		_c_NoMsecInSec 		SMALLCONST     	0D11	0000	1
		__initializatio		CODE           	2AB6	0000	80
		_SequenceReset 		SMALLCONST     	0D0D	0000	1
		_c_NoSecInMinOr		SMALLCONST     	0D12	0000	1
		_NoRead        		SMALLCONST     	0D0C	0000	1
		_TimersCount   		SMALLCONST     	0D0F	0000	1
		_EndChar       		SMALLCONST     	0D0A	0000	1
		_c_NoHrInDay   		SMALLCONST     	0D10	0000	1
		_StartChar     		SMALLCONST     	0D0E	0000	1

shared estimated size: 157

source/Main.c
		_main          		CODE           	2F42	0000	10

source/Main.c estimated size: 10

C:\Program Files\Microchip\xc8\v1.20\sources\pic18\plib\USART\uread.c
		_ReadUSART     		CODE           	2E9C	0000	30

C:\Program Files\Microchip\xc8\v1.20\sources\pic18\plib\USART\uread.c estimated size: 30

source/TaskManager.c
		_TaskManager   		CODE           	2D5C	0000	62

source/TaskManager.c estimated size: 62

source/SystemSetup.c
		_ConfigureHardw		CODE           	2C0A	0000	70

source/SystemSetup.c estimated size: 70

C:\Program Files\Microchip\xc8\v1.20\sources\pic18\plib\Timers\t0open.c
		_OpenTimer0    		CODE           	2E06	0000	30

C:\Program Files\Microchip\xc8\v1.20\sources\pic18\plib\Timers\t0open.c estimated size: 30

source/TimerTask.c
		_ISR           		CODE           	0008	0000	10834
		_Increment_Time		CODE           	2906	0000	122
		_MaturedTimer  		CODE           	22C2	0000	212
		_InitTime      		CODE           	2ED2	0000	22
		_LowPriorityISR		CODE           	0018	0000	138
		_CalculateFutur		CODE           	148A	0000	574

source/TimerTask.c estimated size: 11902

source/OutputSequences.c
		_DimmedColourA 		CODE           	2716	0000	172
		_GetColour     		CODE           	1DC0	0000	350
		_RapidFlashColo		CODE           	266A	0000	172
		_RedGreenFlash 		CODE           	27C2	0000	172
		_ColourMix     		CODE           	25BE	0000	172

source/OutputSequences.c estimated size: 1038

source/ECAN.c
		_ECANReceiveMes		CODE           	0D4E	0000	962
		__RegsToCANID  		CODE           	1C4C	0000	372
		_ECANInitialize		CODE           	2396	0000	196
		__CANIDToRegs  		CODE           	1F1E	0000	350
		_ECANSetOperati		CODE           	2EE8	0000	20
		_ECANSendMessag		CODE           	1AAC	0000	416

source/ECAN.c estimated size: 2316

C:\Program Files\Microchip\xc8\v1.20\sources\pic18\plib\USART\uwrite.c
		_WriteUSART    		CODE           	2F32	0000	16

C:\Program Files\Microchip\xc8\v1.20\sources\pic18\plib\USART\uwrite.c estimated size: 16

C:\Program Files\Microchip\xc8\v1.20\sources\pic18\plib\USART\uputs.c
		_putsUSART     		CODE           	2B66	0000	86

C:\Program Files\Microchip\xc8\v1.20\sources\pic18\plib\USART\uputs.c estimated size: 86

C:\Program Files\Microchip\xc8\v1.20\sources\common\lwmod.c
		___lwmod       		CODE           	2C50	0000	70

C:\Program Files\Microchip\xc8\v1.20\sources\common\lwmod.c estimated size: 70

C:\Program Files\Microchip\xc8\v1.20\sources\pic18\plib\USART\uopen.c
		_OpenUSART     		CODE           	2A5A	0000	92

C:\Program Files\Microchip\xc8\v1.20\sources\pic18\plib\USART\uopen.c estimated size: 92

source/InputTask.c
		_ButtonBeingPre		CODE           	2BBC	0000	78
		_InputTask     		CODE           	2DD2	0000	52
		_MonitorButton 		CODE           	245A	0000	182

source/InputTask.c estimated size: 312

source/DataCommsTask.c
		_CanCommsTask  		CODE           	1110	0000	890
		_DataCommsTask 		CODE           	2F4C	0000	10
		_GetSerialChar 		CODE           	2E7E	0000	30
		_CustomerBeingS		CODE           	2EFC	0000	18
		_CustomerWating		CODE           	2F0E	0000	18
		_UartCommsTask 		CODE           	21CC	0000	246

source/DataCommsTask.c estimated size: 1212

C:\Program Files\Microchip\xc8\v1.20\sources\common\lwdiv.c
		___lwdiv       		CODE           	2B10	0000	86

C:\Program Files\Microchip\xc8\v1.20\sources\common\lwdiv.c estimated size: 86

